Component: ARM Compiler 5.06 update 6 (build 750) Tool: armlink [4d35ed]

==============================================================================

Section Cross References

    startup_stm32f301x8.o(RESET) refers to startup_stm32f301x8.o(STACK) for __initial_sp
    startup_stm32f301x8.o(RESET) refers to startup_stm32f301x8.o(.text) for Reset_Handler
    startup_stm32f301x8.o(RESET) refers to stm32f3xx_it.o(i.NMI_Handler) for NMI_Handler
    startup_stm32f301x8.o(RESET) refers to stm32f3xx_it.o(i.HardFault_Handler) for HardFault_Handler
    startup_stm32f301x8.o(RESET) refers to stm32f3xx_it.o(i.MemManage_Handler) for MemManage_Handler
    startup_stm32f301x8.o(RESET) refers to stm32f3xx_it.o(i.BusFault_Handler) for BusFault_Handler
    startup_stm32f301x8.o(RESET) refers to stm32f3xx_it.o(i.UsageFault_Handler) for UsageFault_Handler
    startup_stm32f301x8.o(RESET) refers to stm32f3xx_it.o(i.SVC_Handler) for SVC_Handler
    startup_stm32f301x8.o(RESET) refers to stm32f3xx_it.o(i.DebugMon_Handler) for DebugMon_Handler
    startup_stm32f301x8.o(RESET) refers to stm32f3xx_it.o(i.PendSV_Handler) for PendSV_Handler
    startup_stm32f301x8.o(RESET) refers to stm32f3xx_it.o(i.SysTick_Handler) for SysTick_Handler
    startup_stm32f301x8.o(.text) refers to system_stm32f3xx.o(i.SystemInit) for SystemInit
    startup_stm32f301x8.o(.text) refers to entry.o(.ARM.Collect$$$$00000000) for __main
    system_stm32f3xx.o(i.SystemCoreClockUpdate) refers to system_stm32f3xx.o(.data) for SystemCoreClock
    system_stm32f3xx.o(i.SystemCoreClockUpdate) refers to system_stm32f3xx.o(.constdata) for AHBPrescTable
    stm32f3xx_hal.o(i.HAL_DeInit) refers to stm32f3xx_hal_msp.o(i.HAL_MspDeInit) for HAL_MspDeInit
    stm32f3xx_hal.o(i.HAL_Delay) refers to stm32f3xx_hal.o(i.HAL_GetTick) for HAL_GetTick
    stm32f3xx_hal.o(i.HAL_Delay) refers to stm32f3xx_hal.o(.data) for uwTickFreq
    stm32f3xx_hal.o(i.HAL_GetTick) refers to stm32f3xx_hal.o(.data) for uwTick
    stm32f3xx_hal.o(i.HAL_GetTickFreq) refers to stm32f3xx_hal.o(.data) for uwTickFreq
    stm32f3xx_hal.o(i.HAL_GetTickPrio) refers to stm32f3xx_hal.o(.data) for uwTickPrio
    stm32f3xx_hal.o(i.HAL_IncTick) refers to stm32f3xx_hal.o(.data) for uwTick
    stm32f3xx_hal.o(i.HAL_Init) refers to stm32f3xx_hal_cortex.o(i.HAL_NVIC_SetPriorityGrouping) for HAL_NVIC_SetPriorityGrouping
    stm32f3xx_hal.o(i.HAL_Init) refers to stm32f3xx_hal.o(i.HAL_InitTick) for HAL_InitTick
    stm32f3xx_hal.o(i.HAL_Init) refers to stm32f3xx_hal_msp.o(i.HAL_MspInit) for HAL_MspInit
    stm32f3xx_hal.o(i.HAL_InitTick) refers to stm32f3xx_hal_cortex.o(i.HAL_SYSTICK_Config) for HAL_SYSTICK_Config
    stm32f3xx_hal.o(i.HAL_InitTick) refers to stm32f3xx_hal_cortex.o(i.HAL_NVIC_SetPriority) for HAL_NVIC_SetPriority
    stm32f3xx_hal.o(i.HAL_InitTick) refers to stm32f3xx_hal.o(.data) for uwTickFreq
    stm32f3xx_hal.o(i.HAL_InitTick) refers to system_stm32f3xx.o(.data) for SystemCoreClock
    stm32f3xx_hal.o(i.HAL_SetTickFreq) refers to stm32f3xx_hal.o(i.HAL_InitTick) for HAL_InitTick
    stm32f3xx_hal.o(i.HAL_SetTickFreq) refers to stm32f3xx_hal.o(.data) for uwTickFreq
    stm32f3xx_hal_adc_ex.o(i.ADC_ConversionStop) refers to stm32f3xx_hal.o(i.HAL_GetTick) for HAL_GetTick
    stm32f3xx_hal_adc_ex.o(i.ADC_DMAConvCplt) refers to stm32f3xx_hal_adc.o(i.HAL_ADC_ConvCpltCallback) for HAL_ADC_ConvCpltCallback
    stm32f3xx_hal_adc_ex.o(i.ADC_DMAError) refers to stm32f3xx_hal_adc.o(i.HAL_ADC_ErrorCallback) for HAL_ADC_ErrorCallback
    stm32f3xx_hal_adc_ex.o(i.ADC_DMAHalfConvCplt) refers to stm32f3xx_hal_adc.o(i.HAL_ADC_ConvHalfCpltCallback) for HAL_ADC_ConvHalfCpltCallback
    stm32f3xx_hal_adc_ex.o(i.ADC_Disable) refers to stm32f3xx_hal.o(i.HAL_GetTick) for HAL_GetTick
    stm32f3xx_hal_adc_ex.o(i.ADC_Enable) refers to stm32f3xx_hal.o(i.HAL_GetTick) for HAL_GetTick
    stm32f3xx_hal_adc_ex.o(i.HAL_ADCEx_Calibration_Start) refers to stm32f3xx_hal_adc_ex.o(i.ADC_Disable) for ADC_Disable
    stm32f3xx_hal_adc_ex.o(i.HAL_ADCEx_Calibration_Start) refers to stm32f3xx_hal.o(i.HAL_GetTick) for HAL_GetTick
    stm32f3xx_hal_adc_ex.o(i.HAL_ADCEx_InjectedConfigChannel) refers to system_stm32f3xx.o(.data) for SystemCoreClock
    stm32f3xx_hal_adc_ex.o(i.HAL_ADCEx_InjectedPollForConversion) refers to stm32f3xx_hal.o(i.HAL_GetTick) for HAL_GetTick
    stm32f3xx_hal_adc_ex.o(i.HAL_ADCEx_InjectedStart) refers to stm32f3xx_hal_adc_ex.o(i.ADC_Enable) for ADC_Enable
    stm32f3xx_hal_adc_ex.o(i.HAL_ADCEx_InjectedStart_IT) refers to stm32f3xx_hal_adc_ex.o(i.ADC_Enable) for ADC_Enable
    stm32f3xx_hal_adc_ex.o(i.HAL_ADCEx_InjectedStop) refers to stm32f3xx_hal_adc_ex.o(i.ADC_ConversionStop) for ADC_ConversionStop
    stm32f3xx_hal_adc_ex.o(i.HAL_ADCEx_InjectedStop) refers to stm32f3xx_hal_adc_ex.o(i.ADC_Disable) for ADC_Disable
    stm32f3xx_hal_adc_ex.o(i.HAL_ADCEx_InjectedStop_IT) refers to stm32f3xx_hal_adc_ex.o(i.ADC_ConversionStop) for ADC_ConversionStop
[...]
    Removing stm32f3xx_hal_irda.o(i.IRDA_WaitOnFlagUntilTimeout), (108 bytes).
    Removing stm32f3xx_hal_iwdg.o(.rev16_text), (4 bytes).
    Removing stm32f3xx_hal_iwdg.o(.revsh_text), (4 bytes).
    Removing stm32f3xx_hal_iwdg.o(.rrx_text), (6 bytes).
    Removing stm32f3xx_hal_iwdg.o(i.HAL_IWDG_Init), (98 bytes).
    Removing stm32f3xx_hal_iwdg.o(i.HAL_IWDG_Refresh), (14 bytes).
    Removing stm32f3xx_hal_pwr.o(.rev16_text), (4 bytes).
    Removing stm32f3xx_hal_pwr.o(.revsh_text), (4 bytes).
    Removing stm32f3xx_hal_pwr.o(.rrx_text), (6 bytes).
    Removing stm32f3xx_hal_pwr.o(i.HAL_PWR_DeInit), (28 bytes).
    Removing stm32f3xx_hal_pwr.o(i.HAL_PWR_DisableBkUpAccess), (20 bytes).
    Removing stm32f3xx_hal_pwr.o(i.HAL_PWR_DisableSEVOnPend), (20 bytes).
    Removing stm32f3xx_hal_pwr.o(i.HAL_PWR_DisableSleepOnExit), (20 bytes).
    Removing stm32f3xx_hal_pwr.o(i.HAL_PWR_DisableWakeUpPin), (16 bytes).
    Removing stm32f3xx_hal_pwr.o(i.HAL_PWR_EnableBkUpAccess), (20 bytes).
    Removing stm32f3xx_hal_pwr.o(i.HAL_PWR_EnableSEVOnPend), (20 bytes).
    Removing stm32f3xx_hal_pwr.o(i.HAL_PWR_EnableSleepOnExit), (20 bytes).
    Removing stm32f3xx_hal_pwr.o(i.HAL_PWR_EnableWakeUpPin), (16 bytes).
    Removing stm32f3xx_hal_pwr.o(i.HAL_PWR_EnterSLEEPMode), (32 bytes).
    Removing stm32f3xx_hal_pwr.o(i.HAL_PWR_EnterSTANDBYMode), (40 bytes).
    Removing stm32f3xx_hal_pwr.o(i.HAL_PWR_EnterSTOPMode), (68 bytes).
    Removing stm32f3xx_hal_pwr_ex.o(.rev16_text), (4 bytes).
    Removing stm32f3xx_hal_pwr_ex.o(.revsh_text), (4 bytes).
    Removing stm32f3xx_hal_pwr_ex.o(.rrx_text), (6 bytes).
    Removing stm32f3xx_hal_pwr_ex.o(i.HAL_PWR_ConfigPVD), (180 bytes).
    Removing stm32f3xx_hal_pwr_ex.o(i.HAL_PWR_DisablePVD), (20 bytes).
    Removing stm32f3xx_hal_pwr_ex.o(i.HAL_PWR_EnablePVD), (20 bytes).
    Removing stm32f3xx_hal_pwr_ex.o(i.HAL_PWR_PVDCallback), (2 bytes).
    Removing stm32f3xx_hal_pwr_ex.o(i.HAL_PWR_PVD_IRQHandler), (32 bytes).
    Removing stm32f3xx_hal_rcc.o(.rev16_text), (4 bytes).
    Removing stm32f3xx_hal_rcc.o(.revsh_text), (4 bytes).
    Removing stm32f3xx_hal_rcc.o(.rrx_text), (6 bytes).
    Removing stm32f3xx_hal_rcc.o(i.HAL_RCC_CSSCallback), (2 bytes).
    Removing stm32f3xx_hal_rcc.o(i.HAL_RCC_DeInit), (264 bytes).
    Removing stm32f3xx_hal_rcc.o(i.HAL_RCC_DisableCSS), (28 bytes).
    Removing stm32f3xx_hal_rcc.o(i.HAL_RCC_EnableCSS), (24 bytes).
    Removing stm32f3xx_hal_rcc.o(i.HAL_RCC_GetClockConfig), (68 bytes).
    Removing stm32f3xx_hal_rcc.o(i.HAL_RCC_GetOscConfig), (212 bytes).
    Removing stm32f3xx_hal_rcc.o(i.HAL_RCC_MCOConfig), (96 bytes).
    Removing stm32f3xx_hal_rcc.o(i.HAL_RCC_NMI_IRQHandler), (32 bytes).
    Removing stm32f3xx_hal_rcc_ex.o(.rev16_text), (4 bytes).
    Removing stm32f3xx_hal_rcc_ex.o(.revsh_text), (4 bytes).
    Removing stm32f3xx_hal_rcc_ex.o(.rrx_text), (6 bytes).
    Removing stm32f3xx_hal_rcc_ex.o(i.HAL_RCCEx_GetPeriphCLKConfig), (172 bytes).
    Removing stm32f3xx_hal_rcc_ex.o(i.HAL_RCCEx_GetPeriphCLKFreq), (672 bytes).
    Removing stm32f3xx_hal_rcc_ex.o(i.HAL_RCCEx_PeriphCLKConfig), (668 bytes).
    Removing stm32f3xx_hal_rcc_ex.o(i.RCC_GetPLLCLKFreq), (76 bytes).
    Removing stm32f3xx_hal_rcc_ex.o(.constdata), (32 bytes).
    Removing stm32f3xx_hal_rtc.o(.rev16_text), (4 bytes).
    Removing stm32f3xx_hal_rtc.o(.revsh_text), (4 bytes).
    Removing stm32f3xx_hal_rtc.o(.rrx_text), (6 bytes).
    Removing stm32f3xx_hal_rtc.o(i.HAL_RTC_AlarmAEventCallback), (2 bytes).
    Removing stm32f3xx_hal_rtc.o(i.HAL_RTC_AlarmIRQHandler), (108 bytes).
    Removing stm32f3xx_hal_rtc.o(i.HAL_RTC_DeInit), (256 bytes).
    Removing stm32f3xx_hal_rtc.o(i.HAL_RTC_DeactivateAlarm), (244 bytes).
    Removing stm32f3xx_hal_rtc.o(i.HAL_RTC_GetAlarm), (154 bytes).
    Removing stm32f3xx_hal_rtc.o(i.HAL_RTC_GetDate), (76 bytes).
    Removing stm32f3xx_hal_rtc.o(i.HAL_RTC_GetState), (6 bytes).
    Removing stm32f3xx_hal_rtc.o(i.HAL_RTC_GetTime), (96 bytes).
    Removing stm32f3xx_hal_rtc.o(i.HAL_RTC_Init), (216 bytes).
    Removing stm32f3xx_hal_rtc.o(i.HAL_RTC_MspDeInit), (2 bytes).
    Removing stm32f3xx_hal_rtc.o(i.HAL_RTC_MspInit), (2 bytes).
    Removing stm32f3xx_hal_rtc.o(i.HAL_RTC_PollForAlarmAEvent), (72 bytes).
    Removing stm32f3xx_hal_rtc.o(i.HAL_RTC_SetAlarm), (488 bytes).
    Removing stm32f3xx_hal_rtc.o(i.HAL_RTC_SetAlarm_IT), (552 bytes).
    Removing stm32f3xx_hal_rtc.o(i.HAL_RTC_SetDate), (260 bytes).
    Removing stm32f3xx_hal_rtc.o(i.HAL_RTC_SetTime), (308 bytes).
    Removing stm32f3xx_hal_rtc.o(i.HAL_RTC_WaitForSynchro), (58 bytes).
    Removing stm32f3xx_hal_rtc.o(i.RTC_Bcd2ToByte), (22 bytes).
    Removing stm32f3xx_hal_rtc.o(i.RTC_ByteToBcd2), (26 bytes).
    Removing stm32f3xx_hal_rtc.o(i.RTC_EnterInitMode), (62 bytes).
    Removing stm32f3xx_hal_rtc_ex.o(.rev16_text), (4 bytes).
    Removing stm32f3xx_hal_rtc_ex.o(.revsh_text), (4 bytes).
    Removing stm32f3xx_hal_rtc_ex.o(.rrx_text), (6 bytes).
    Removing stm32f3xx_hal_rtc_ex.o(i.HAL_RTCEx_AlarmBEventCallback), (2 bytes).
    Removing stm32f3xx_hal_rtc_ex.o(i.HAL_RTCEx_BKUPRead), (18 bytes).
    Removing stm32f3xx_hal_rtc_ex.o(i.HAL_RTCEx_BKUPWrite), (18 bytes).
    Removing stm32f3xx_hal_rtc_ex.o(i.HAL_RTCEx_DeactivateCalibrationOutPut), (78 bytes).
    Removing stm32f3xx_hal_rtc_ex.o(i.HAL_RTCEx_DeactivateRefClock), (126 bytes).
    Removing stm32f3xx_hal_rtc_ex.o(i.HAL_RTCEx_DeactivateTamper), (50 bytes).
    Removing stm32f3xx_hal_rtc_ex.o(i.HAL_RTCEx_DeactivateTimeStamp), (96 bytes).
    Removing stm32f3xx_hal_rtc_ex.o(i.HAL_RTCEx_DeactivateWakeUpTimer), (152 bytes).
    Removing stm32f3xx_hal_rtc_ex.o(i.HAL_RTCEx_DisableBypassShadow), (78 bytes).
    Removing stm32f3xx_hal_rtc_ex.o(i.HAL_RTCEx_EnableBypassShadow), (78 bytes).
    Removing stm32f3xx_hal_rtc_ex.o(i.HAL_RTCEx_GetTimeStamp), (176 bytes).
    Removing stm32f3xx_hal_rtc_ex.o(i.HAL_RTCEx_GetWakeUpTimer), (10 bytes).
    Removing stm32f3xx_hal_rtc_ex.o(i.HAL_RTCEx_PollForAlarmBEvent), (72 bytes).
    Removing stm32f3xx_hal_rtc_ex.o(i.HAL_RTCEx_PollForTamper1Event), (72 bytes).
    Removing stm32f3xx_hal_rtc_ex.o(i.HAL_RTCEx_PollForTamper2Event), (72 bytes).
    Removing stm32f3xx_hal_rtc_ex.o(i.HAL_RTCEx_PollForTimeStampEvent), (90 bytes).
    Removing stm32f3xx_hal_rtc_ex.o(i.HAL_RTCEx_PollForWakeUpTimerEvent), (72 bytes).
    Removing stm32f3xx_hal_rtc_ex.o(i.HAL_RTCEx_SetCalibrationOutPut), (100 bytes).
    Removing stm32f3xx_hal_rtc_ex.o(i.HAL_RTCEx_SetRefClock), (126 bytes).
    Removing stm32f3xx_hal_rtc_ex.o(i.HAL_RTCEx_SetSmoothCalib), (162 bytes).
    Removing stm32f3xx_hal_rtc_ex.o(i.HAL_RTCEx_SetSynchroShift), (224 bytes).
    Removing stm32f3xx_hal_rtc_ex.o(i.HAL_RTCEx_SetTamper), (120 bytes).
    Removing stm32f3xx_hal_rtc_ex.o(i.HAL_RTCEx_SetTamper_IT), (160 bytes).
    Removing stm32f3xx_hal_rtc_ex.o(i.HAL_RTCEx_SetTimeStamp), (102 bytes).
    Removing stm32f3xx_hal_rtc_ex.o(i.HAL_RTCEx_SetTimeStamp_IT), (148 bytes).
    Removing stm32f3xx_hal_rtc_ex.o(i.HAL_RTCEx_SetWakeUpTimer), (254 bytes).
    Removing stm32f3xx_hal_rtc_ex.o(i.HAL_RTCEx_SetWakeUpTimer_IT), (316 bytes).
    Removing stm32f3xx_hal_rtc_ex.o(i.HAL_RTCEx_Tamper1EventCallback), (2 bytes).
    Removing stm32f3xx_hal_rtc_ex.o(i.HAL_RTCEx_Tamper2EventCallback), (2 bytes).
    Removing stm32f3xx_hal_rtc_ex.o(i.HAL_RTCEx_TamperTimeStampIRQHandler), (148 bytes).
    Removing stm32f3xx_hal_rtc_ex.o(i.HAL_RTCEx_TimeStampEventCallback), (2 bytes).
    Removing stm32f3xx_hal_rtc_ex.o(i.HAL_RTCEx_WakeUpTimerEventCallback), (2 bytes).
    Removing stm32f3xx_hal_rtc_ex.o(i.HAL_RTCEx_WakeUpTimerIRQHandler), (56 bytes).
    Removing stm32f3xx_hal_spi.o(.rev16_text), (4 bytes).
    Removing stm32f3xx_hal_spi.o(.revsh_text), (4 bytes).
    Removing stm32f3xx_hal_spi.o(.rrx_text), (6 bytes).
    Removing stm32f3xx_hal_spi.o(i.HAL_SPI_Abort), (448 bytes).
    Removing stm32f3xx_hal_spi.o(i.HAL_SPI_AbortCpltCallback), (2 bytes).
    Removing stm32f3xx_hal_spi.o(i.HAL_SPI_Abort_IT), (456 bytes).
    Removing stm32f3xx_hal_spi.o(i.HAL_SPI_DMAPause), (50 bytes).
    Removing stm32f3xx_hal_spi.o(i.HAL_SPI_DMAResume), (50 bytes).
    Removing stm32f3xx_hal_spi.o(i.HAL_SPI_DMAStop), (46 bytes).
    Removing stm32f3xx_hal_spi.o(i.HAL_SPI_DeInit), (54 bytes).
    Removing stm32f3xx_hal_spi.o(i.HAL_SPI_ErrorCallback), (2 bytes).
    Removing stm32f3xx_hal_spi.o(i.HAL_SPI_GetError), (6 bytes).
    Removing stm32f3xx_hal_spi.o(i.HAL_SPI_GetState), (8 bytes).
    Removing stm32f3xx_hal_spi.o(i.HAL_SPI_IRQHandler), (316 bytes).
    Removing stm32f3xx_hal_spi.o(i.HAL_SPI_Init), (242 bytes).
    Removing stm32f3xx_hal_spi.o(i.HAL_SPI_MspDeInit), (2 bytes).
    Removing stm32f3xx_hal_spi.o(i.HAL_SPI_MspInit), (2 bytes).
    Removing stm32f3xx_hal_spi.o(i.HAL_SPI_Receive), (654 bytes).
    Removing stm32f3xx_hal_spi.o(i.HAL_SPI_Receive_DMA), (420 bytes).
    Removing stm32f3xx_hal_spi.o(i.HAL_SPI_Receive_IT), (296 bytes).
    Removing stm32f3xx_hal_spi.o(i.HAL_SPI_RxCpltCallback), (2 bytes).
    Removing stm32f3xx_hal_spi.o(i.HAL_SPI_RxHalfCpltCallback), (2 bytes).
    Removing stm32f3xx_hal_spi.o(i.HAL_SPI_Transmit), (496 bytes).
    Removing stm32f3xx_hal_spi.o(i.HAL_SPI_TransmitReceive), (956 bytes).
    Removing stm32f3xx_hal_spi.o(i.HAL_SPI_TransmitReceive_DMA), (556 bytes).
    Removing stm32f3xx_hal_spi.o(i.HAL_SPI_TransmitReceive_IT), (324 bytes).
    Removing stm32f3xx_hal_spi.o(i.HAL_SPI_Transmit_DMA), (340 bytes).
    Removing stm32f3xx_hal_spi.o(i.HAL_SPI_Transmit_IT), (212 bytes).
    Removing stm32f3xx_hal_spi.o(i.HAL_SPI_TxCpltCallback), (2 bytes).
    Removing stm32f3xx_hal_spi.o(i.HAL_SPI_TxHalfCpltCallback), (2 bytes).
    Removing stm32f3xx_hal_spi.o(i.HAL_SPI_TxRxCpltCallback), (2 bytes).
    Removing stm32f3xx_hal_spi.o(i.HAL_SPI_TxRxHalfCpltCallback), (2 bytes).
    Removing stm32f3xx_hal_spi.o(i.SPI_2linesRxISR_16BIT), (80 bytes).
    Removing stm32f3xx_hal_spi.o(i.SPI_2linesRxISR_16BITCRC), (40 bytes).
    Removing stm32f3xx_hal_spi.o(i.SPI_2linesRxISR_8BIT), (144 bytes).
    Removing stm32f3xx_hal_spi.o(i.SPI_2linesRxISR_8BITCRC), (52 bytes).
    Removing stm32f3xx_hal_spi.o(i.SPI_2linesTxISR_16BIT), (90 bytes).
    Removing stm32f3xx_hal_spi.o(i.SPI_2linesTxISR_8BIT), (116 bytes).
    Removing stm32f3xx_hal_spi.o(i.SPI_AbortRx_ISR), (152 bytes).
    Removing stm32f3xx_hal_spi.o(i.SPI_AbortTx_ISR), (148 bytes).
    Removing stm32f3xx_hal_spi.o(i.SPI_CloseRxTx_ISR), (138 bytes).
    Removing stm32f3xx_hal_spi.o(i.SPI_CloseRx_ISR), (102 bytes).
    Removing stm32f3xx_hal_spi.o(i.SPI_CloseTx_ISR), (96 bytes).
    Removing stm32f3xx_hal_spi.o(i.SPI_DMAAbortOnError), (22 bytes).
    Removing stm32f3xx_hal_spi.o(i.SPI_DMAError), (40 bytes).
    Removing stm32f3xx_hal_spi.o(i.SPI_DMAHalfReceiveCplt), (14 bytes).
    Removing stm32f3xx_hal_spi.o(i.SPI_DMAHalfTransmitCplt), (14 bytes).
    Removing stm32f3xx_hal_spi.o(i.SPI_DMAHalfTransmitReceiveCplt), (14 bytes).
    Removing stm32f3xx_hal_spi.o(i.SPI_DMAReceiveCplt), (236 bytes).
    Removing stm32f3xx_hal_spi.o(i.SPI_DMARxAbortCallback), (174 bytes).
    Removing stm32f3xx_hal_spi.o(i.SPI_DMATransmitCplt), (128 bytes).
    Removing stm32f3xx_hal_spi.o(i.SPI_DMATransmitReceiveCplt), (238 bytes).
    Removing stm32f3xx_hal_spi.o(i.SPI_DMATxAbortCallback), (170 bytes).
    Removing stm32f3xx_hal_spi.o(i.SPI_EndRxTransaction), (130 bytes).
    Removing stm32f3xx_hal_spi.o(i.SPI_EndRxTxTransaction), (100 bytes).
    Removing stm32f3xx_hal_spi.o(i.SPI_RxISR_16BIT), (92 bytes).
    Removing stm32f3xx_hal_spi.o(i.SPI_RxISR_16BITCRC), (40 bytes).
    Removing stm32f3xx_hal_spi.o(i.SPI_RxISR_8BIT), (88 bytes).
    Removing stm32f3xx_hal_spi.o(i.SPI_RxISR_8BITCRC), (36 bytes).
    Removing stm32f3xx_hal_spi.o(i.SPI_TxISR_16BIT), (56 bytes).
    Removing stm32f3xx_hal_spi.o(i.SPI_TxISR_8BIT), (54 bytes).
    Removing stm32f3xx_hal_spi.o(i.SPI_WaitFifoStateUntilTimeout), (176 bytes).
    Removing stm32f3xx_hal_spi.o(i.SPI_WaitFlagStateUntilTimeout), (168 bytes).
    Removing stm32f3xx_hal_spi_ex.o(.rev16_text), (4 bytes).
    Removing stm32f3xx_hal_spi_ex.o(.revsh_text), (4 bytes).
    Removing stm32f3xx_hal_spi_ex.o(.rrx_text), (6 bytes).
    Removing stm32f3xx_hal_spi_ex.o(i.HAL_SPIEx_FlushRxFifo), (44 bytes).
    Removing stm32f3xx_hal_sram.o(.rev16_text), (4 bytes).
    Removing stm32f3xx_hal_sram.o(.revsh_text), (4 bytes).
    Removing stm32f3xx_hal_sram.o(.rrx_text), (6 bytes).
    Removing stm32f3xx_hal_tim.o(.rev16_text), (4 bytes).
    Removing stm32f3xx_hal_tim.o(.revsh_text), (4 bytes).
    Removing stm32f3xx_hal_tim.o(.rrx_text), (6 bytes).
    Removing stm32f3xx_hal_tim.o(i.HAL_TIM_Base_DeInit), (70 bytes).
    Removing stm32f3xx_hal_tim.o(i.HAL_TIM_Base_GetState), (8 bytes).
    Removing stm32f3xx_hal_tim.o(i.HAL_TIM_Base_Init), (52 bytes).
    Removing stm32f3xx_hal_tim.o(i.HAL_TIM_Base_MspDeInit), (2 bytes).
    Removing stm32f3xx_hal_tim.o(i.HAL_TIM_Base_MspInit), (2 bytes).
    Removing stm32f3xx_hal_tim.o(i.HAL_TIM_Base_Start), (30 bytes).
    Removing stm32f3xx_hal_tim.o(i.HAL_TIM_Base_Start_DMA), (104 bytes).
    Removing stm32f3xx_hal_tim.o(i.HAL_TIM_Base_Start_IT), (30 bytes).
    Removing stm32f3xx_hal_tim.o(i.HAL_TIM_Base_Stop), (56 bytes).
    Removing stm32f3xx_hal_tim.o(i.HAL_TIM_Base_Stop_DMA), (62 bytes).
    Removing stm32f3xx_hal_tim.o(i.HAL_TIM_Base_Stop_IT), (56 bytes).
    Removing stm32f3xx_hal_tim.o(i.HAL_TIM_ConfigClockSource), (312 bytes).
    Removing stm32f3xx_hal_tim.o(i.HAL_TIM_ConfigOCrefClear), (222 bytes).
    Removing stm32f3xx_hal_tim.o(i.HAL_TIM_ConfigTI1Input), (24 bytes).
    Removing stm32f3xx_hal_tim.o(i.HAL_TIM_DMABurst_MultiReadStart), (364 bytes).
    Removing stm32f3xx_hal_tim.o(i.HAL_TIM_DMABurst_MultiWriteStart), (364 bytes).
    Removing stm32f3xx_hal_tim.o(i.HAL_TIM_DMABurst_ReadStart), (38 bytes).
    Removing stm32f3xx_hal_tim.o(i.HAL_TIM_DMABurst_ReadStop), (128 bytes).
    Removing stm32f3xx_hal_tim.o(i.HAL_TIM_DMABurst_WriteStart), (38 bytes).
    Removing stm32f3xx_hal_tim.o(i.HAL_TIM_DMABurst_WriteStop), (128 bytes).
    Removing stm32f3xx_hal_tim.o(i.HAL_TIM_Encoder_DeInit), (70 bytes).
    Removing stm32f3xx_hal_tim.o(i.HAL_TIM_Encoder_GetState), (8 bytes).
    Removing stm32f3xx_hal_tim.o(i.HAL_TIM_Encoder_Init), (184 bytes).
    Removing stm32f3xx_hal_tim.o(i.HAL_TIM_Encoder_MspDeInit), (2 bytes).
    Removing stm32f3xx_hal_tim.o(i.HAL_TIM_Encoder_MspInit), (2 bytes).
    Removing stm32f3xx_hal_tim.o(i.HAL_TIM_Encoder_Start), (78 bytes).
    Removing stm32f3xx_hal_tim.o(i.HAL_TIM_Encoder_Start_DMA), (328 bytes).
    Removing stm32f3xx_hal_tim.o(i.HAL_TIM_Encoder_Start_IT), (126 bytes).
    Removing stm32f3xx_hal_tim.o(i.HAL_TIM_Encoder_Stop), (104 bytes).
    Removing stm32f3xx_hal_tim.o(i.HAL_TIM_Encoder_Stop_DMA), (152 bytes).
    Removing stm32f3xx_hal_tim.o(i.HAL_TIM_Encoder_Stop_IT), (152 bytes).
    Removing stm32f3xx_hal_tim.o(i.HAL_TIM_ErrorCallback), (2 bytes).
    Removing stm32f3xx_hal_tim.o(i.HAL_TIM_GenerateEvent), (54 bytes).
    Removing stm32f3xx_hal_tim.o(i.HAL_TIM_IC_CaptureCallback), (2 bytes).
    Removing stm32f3xx_hal_tim.o(i.HAL_TIM_IC_ConfigChannel), (224 bytes).
    Removing stm32f3xx_hal_tim.o(i.HAL_TIM_IC_DeInit), (70 bytes).
    Removing stm32f3xx_hal_tim.o(i.HAL_TIM_IC_GetState), (8 bytes).
    Removing stm32f3xx_hal_tim.o(i.HAL_TIM_IC_Init), (52 bytes).
    Removing stm32f3xx_hal_tim.o(i.HAL_TIM_IC_MspDeInit), (2 bytes).
    Removing stm32f3xx_hal_tim.o(i.HAL_TIM_IC_MspInit), (2 bytes).
    Removing stm32f3xx_hal_tim.o(i.HAL_TIM_IC_Start), (32 bytes).
    Removing stm32f3xx_hal_tim.o(i.HAL_TIM_IC_Start_DMA), (268 bytes).
    Removing stm32f3xx_hal_tim.o(i.HAL_TIM_IC_Start_IT), (108 bytes).
    Removing stm32f3xx_hal_tim.o(i.HAL_TIM_IC_Stop), (58 bytes).
    Removing stm32f3xx_hal_tim.o(i.HAL_TIM_IC_Stop_DMA), (140 bytes).
    Removing stm32f3xx_hal_tim.o(i.HAL_TIM_IC_Stop_IT), (134 bytes).
    Removing stm32f3xx_hal_tim.o(i.HAL_TIM_IRQHandler), (440 bytes).
    Removing stm32f3xx_hal_tim.o(i.HAL_TIM_OC_ConfigChannel), (116 bytes).
    Removing stm32f3xx_hal_tim.o(i.HAL_TIM_OC_DeInit), (70 bytes).
    Removing stm32f3xx_hal_tim.o(i.HAL_TIM_OC_DelayElapsedCallback), (2 bytes).
    Removing stm32f3xx_hal_tim.o(i.HAL_TIM_OC_GetState), (8 bytes).
    Removing stm32f3xx_hal_tim.o(i.HAL_TIM_OC_Init), (52 bytes).
    Removing stm32f3xx_hal_tim.o(i.HAL_TIM_OC_MspDeInit), (2 bytes).
    Removing stm32f3xx_hal_tim.o(i.HAL_TIM_OC_MspInit), (2 bytes).
    Removing stm32f3xx_hal_tim.o(i.HAL_TIM_OC_Start), (100 bytes).
    Removing stm32f3xx_hal_tim.o(i.HAL_TIM_OC_Start_DMA), (336 bytes).
    Removing stm32f3xx_hal_tim.o(i.HAL_TIM_OC_Start_IT), (176 bytes).
    Removing stm32f3xx_hal_tim.o(i.HAL_TIM_OC_Stop), (152 bytes).
    Removing stm32f3xx_hal_tim.o(i.HAL_TIM_OC_Stop_DMA), (236 bytes).
    Removing stm32f3xx_hal_tim.o(i.HAL_TIM_OC_Stop_IT), (228 bytes).
    Removing stm32f3xx_hal_tim.o(i.HAL_TIM_OnePulse_ConfigChannel), (292 bytes).
    Removing stm32f3xx_hal_tim.o(i.HAL_TIM_OnePulse_DeInit), (70 bytes).
    Removing stm32f3xx_hal_tim.o(i.HAL_TIM_OnePulse_GetState), (8 bytes).
    Removing stm32f3xx_hal_tim.o(i.HAL_TIM_OnePulse_Init), (76 bytes).
    Removing stm32f3xx_hal_tim.o(i.HAL_TIM_OnePulse_MspDeInit), (2 bytes).
    Removing stm32f3xx_hal_tim.o(i.HAL_TIM_OnePulse_MspInit), (2 bytes).
    Removing stm32f3xx_hal_tim.o(i.HAL_TIM_OnePulse_Start), (100 bytes).
    Removing stm32f3xx_hal_tim.o(i.HAL_TIM_OnePulse_Start_IT), (124 bytes).
    Removing stm32f3xx_hal_tim.o(i.HAL_TIM_OnePulse_Stop), (164 bytes).
    Removing stm32f3xx_hal_tim.o(i.HAL_TIM_OnePulse_Stop_IT), (188 bytes).
    Removing stm32f3xx_hal_tim.o(i.HAL_TIM_PWM_ConfigChannel), (264 bytes).
    Removing stm32f3xx_hal_tim.o(i.HAL_TIM_PWM_DeInit), (70 bytes).
    Removing stm32f3xx_hal_tim.o(i.HAL_TIM_PWM_GetState), (8 bytes).
    Removing stm32f3xx_hal_tim.o(i.HAL_TIM_PWM_Init), (52 bytes).
    Removing stm32f3xx_hal_tim.o(i.HAL_TIM_PWM_MspDeInit), (2 bytes).
    Removing stm32f3xx_hal_tim.o(i.HAL_TIM_PWM_MspInit), (2 bytes).
    Removing stm32f3xx_hal_tim.o(i.HAL_TIM_PWM_PulseFinishedCallback), (2 bytes).
    Removing stm32f3xx_hal_tim.o(i.HAL_TIM_PWM_Start), (100 bytes).
    Removing stm32f3xx_hal_tim.o(i.HAL_TIM_PWM_Start_DMA), (336 bytes).
    Removing stm32f3xx_hal_tim.o(i.HAL_TIM_PWM_Start_IT), (176 bytes).
    Removing stm32f3xx_hal_tim.o(i.HAL_TIM_PWM_Stop), (160 bytes).
    Removing stm32f3xx_hal_tim.o(i.HAL_TIM_PWM_Stop_DMA), (236 bytes).
    Removing stm32f3xx_hal_tim.o(i.HAL_TIM_PWM_Stop_IT), (228 bytes).
    Removing stm32f3xx_hal_tim.o(i.HAL_TIM_PeriodElapsedCallback), (2 bytes).
    Removing stm32f3xx_hal_tim.o(i.HAL_TIM_ReadCapturedValue), (84 bytes).
    Removing stm32f3xx_hal_tim.o(i.HAL_TIM_SlaveConfigSynchronization), (86 bytes).
    Removing stm32f3xx_hal_tim.o(i.HAL_TIM_SlaveConfigSynchronization_IT), (86 bytes).
    Removing stm32f3xx_hal_tim.o(i.HAL_TIM_TriggerCallback), (2 bytes).
    Removing stm32f3xx_hal_tim.o(i.TIM_Base_SetConfig), (136 bytes).
    Removing stm32f3xx_hal_tim.o(i.TIM_CCxChannelCmd), (28 bytes).
    Removing stm32f3xx_hal_tim.o(i.TIM_DMACaptureCplt), (70 bytes).
    Removing stm32f3xx_hal_tim.o(i.TIM_DMADelayPulseCplt), (70 bytes).
    Removing stm32f3xx_hal_tim.o(i.TIM_DMAError), (20 bytes).
    Removing stm32f3xx_hal_tim.o(i.TIM_DMAPeriodElapsedCplt), (20 bytes).
    Removing stm32f3xx_hal_tim.o(i.TIM_DMATriggerCplt), (20 bytes).
    Removing stm32f3xx_hal_tim.o(i.TIM_ETR_SetConfig), (24 bytes).
    Removing stm32f3xx_hal_tim.o(i.TIM_ITRx_SetConfig), (20 bytes).
    Removing stm32f3xx_hal_tim.o(i.TIM_OC1_SetConfig), (160 bytes).
    Removing stm32f3xx_hal_tim.o(i.TIM_OC2_SetConfig), (168 bytes).
    Removing stm32f3xx_hal_tim.o(i.TIM_OC3_SetConfig), (168 bytes).
    Removing stm32f3xx_hal_tim.o(i.TIM_OC4_SetConfig), (112 bytes).
    Removing stm32f3xx_hal_tim.o(i.TIM_SlaveTimer_SetConfig), (168 bytes).
    Removing stm32f3xx_hal_tim.o(i.TIM_TI1_ConfigInputStage), (42 bytes).
    Removing stm32f3xx_hal_tim.o(i.TIM_TI1_SetConfig), (96 bytes).
    Removing stm32f3xx_hal_tim.o(i.TIM_TI2_ConfigInputStage), (44 bytes).
    Removing stm32f3xx_hal_tim.o(i.TIM_TI2_SetConfig), (62 bytes).
    Removing stm32f3xx_hal_tim.o(i.TIM_TI3_SetConfig), (60 bytes).
    Removing stm32f3xx_hal_tim.o(i.TIM_TI4_SetConfig), (64 bytes).
    Removing stm32f3xx_hal_tim_ex.o(.rev16_text), (4 bytes).
    Removing stm32f3xx_hal_tim_ex.o(.revsh_text), (4 bytes).
    Removing stm32f3xx_hal_tim_ex.o(.rrx_text), (6 bytes).
    Removing stm32f3xx_hal_tim_ex.o(i.HAL_TIMEx_Break2Callback), (2 bytes).
    Removing stm32f3xx_hal_tim_ex.o(i.HAL_TIMEx_BreakCallback), (2 bytes).
    Removing stm32f3xx_hal_tim_ex.o(i.HAL_TIMEx_CommutationCallback), (2 bytes).
    Removing stm32f3xx_hal_tim_ex.o(i.HAL_TIMEx_ConfigBreakDeadTime), (180 bytes).
    Removing stm32f3xx_hal_tim_ex.o(i.HAL_TIMEx_ConfigCommutationEvent), (110 bytes).
    Removing stm32f3xx_hal_tim_ex.o(i.HAL_TIMEx_ConfigCommutationEvent_DMA), (144 bytes).
    Removing stm32f3xx_hal_tim_ex.o(i.HAL_TIMEx_ConfigCommutationEvent_IT), (122 bytes).
    Removing stm32f3xx_hal_tim_ex.o(i.HAL_TIMEx_GroupChannel5), (72 bytes).
    Removing stm32f3xx_hal_tim_ex.o(i.HAL_TIMEx_HallSensor_DeInit), (70 bytes).
    Removing stm32f3xx_hal_tim_ex.o(i.HAL_TIMEx_HallSensor_GetState), (8 bytes).
    Removing stm32f3xx_hal_tim_ex.o(i.HAL_TIMEx_HallSensor_Init), (212 bytes).
    Removing stm32f3xx_hal_tim_ex.o(i.HAL_TIMEx_HallSensor_MspDeInit), (2 bytes).
    Removing stm32f3xx_hal_tim_ex.o(i.HAL_TIMEx_HallSensor_MspInit), (2 bytes).
    Removing stm32f3xx_hal_tim_ex.o(i.HAL_TIMEx_HallSensor_Start), (30 bytes).
    Removing stm32f3xx_hal_tim_ex.o(i.HAL_TIMEx_HallSensor_Start_DMA), (112 bytes).
    Removing stm32f3xx_hal_tim_ex.o(i.HAL_TIMEx_HallSensor_Start_IT), (42 bytes).
    Removing stm32f3xx_hal_tim_ex.o(i.HAL_TIMEx_HallSensor_Stop), (56 bytes).
    Removing stm32f3xx_hal_tim_ex.o(i.HAL_TIMEx_HallSensor_Stop_DMA), (68 bytes).
    Removing stm32f3xx_hal_tim_ex.o(i.HAL_TIMEx_HallSensor_Stop_IT), (68 bytes).
    Removing stm32f3xx_hal_tim_ex.o(i.HAL_TIMEx_MasterConfigSynchronization), (96 bytes).
    Removing stm32f3xx_hal_tim_ex.o(i.HAL_TIMEx_OCN_Start), (44 bytes).
    Removing stm32f3xx_hal_tim_ex.o(i.HAL_TIMEx_OCN_Start_DMA), (232 bytes).
    Removing stm32f3xx_hal_tim_ex.o(i.HAL_TIMEx_OCN_Start_IT), (114 bytes).
    Removing stm32f3xx_hal_tim_ex.o(i.HAL_TIMEx_OCN_Stop), (96 bytes).
    Removing stm32f3xx_hal_tim_ex.o(i.HAL_TIMEx_OCN_Stop_DMA), (160 bytes).
    Removing stm32f3xx_hal_tim_ex.o(i.HAL_TIMEx_OCN_Stop_IT), (180 bytes).
    Removing stm32f3xx_hal_tim_ex.o(i.HAL_TIMEx_OnePulseN_Start), (32 bytes).
    Removing stm32f3xx_hal_tim_ex.o(i.HAL_TIMEx_OnePulseN_Start_IT), (56 bytes).
    Removing stm32f3xx_hal_tim_ex.o(i.HAL_TIMEx_OnePulseN_Stop), (96 bytes).
    Removing stm32f3xx_hal_tim_ex.o(i.HAL_TIMEx_OnePulseN_Stop_IT), (120 bytes).
    Removing stm32f3xx_hal_tim_ex.o(i.HAL_TIMEx_PWMN_Start), (44 bytes).
    Removing stm32f3xx_hal_tim_ex.o(i.HAL_TIMEx_PWMN_Start_DMA), (232 bytes).
    Removing stm32f3xx_hal_tim_ex.o(i.HAL_TIMEx_PWMN_Start_IT), (114 bytes).
    Removing stm32f3xx_hal_tim_ex.o(i.HAL_TIMEx_PWMN_Stop), (96 bytes).
    Removing stm32f3xx_hal_tim_ex.o(i.HAL_TIMEx_PWMN_Stop_DMA), (160 bytes).
    Removing stm32f3xx_hal_tim_ex.o(i.HAL_TIMEx_PWMN_Stop_IT), (180 bytes).
    Removing stm32f3xx_hal_tim_ex.o(i.HAL_TIMEx_RemapConfig), (48 bytes).
    Removing stm32f3xx_hal_tim_ex.o(i.HAL_TIM_ConfigOCrefClear), (362 bytes).
    Removing stm32f3xx_hal_tim_ex.o(i.HAL_TIM_OC_ConfigChannel), (148 bytes).
    Removing stm32f3xx_hal_tim_ex.o(i.HAL_TIM_PWM_ConfigChannel), (372 bytes).
    Removing stm32f3xx_hal_tim_ex.o(i.TIMEx_DMACommutationCplt), (20 bytes).
    Removing stm32f3xx_hal_tim_ex.o(i.TIM_CCxNChannelCmd), (28 bytes).
    Removing stm32f3xx_hal_tim_ex.o(i.TIM_OC5_SetConfig), (108 bytes).
    Removing stm32f3xx_hal_tim_ex.o(i.TIM_OC6_SetConfig), (108 bytes).
    Removing stm32f3xx_hal_tsc.o(.rev16_text), (4 bytes).
    Removing stm32f3xx_hal_tsc.o(.revsh_text), (4 bytes).
    Removing stm32f3xx_hal_tsc.o(.rrx_text), (6 bytes).
    Removing stm32f3xx_hal_tsc.o(i.HAL_TSC_ConvCpltCallback), (2 bytes).
    Removing stm32f3xx_hal_tsc.o(i.HAL_TSC_DeInit), (40 bytes).
    Removing stm32f3xx_hal_tsc.o(i.HAL_TSC_ErrorCallback), (2 bytes).
    Removing stm32f3xx_hal_tsc.o(i.HAL_TSC_GetState), (50 bytes).
    Removing stm32f3xx_hal_tsc.o(i.HAL_TSC_GroupGetStatus), (34 bytes).
    Removing stm32f3xx_hal_tsc.o(i.HAL_TSC_GroupGetValue), (12 bytes).
    Removing stm32f3xx_hal_tsc.o(i.HAL_TSC_IOConfig), (96 bytes).
    Removing stm32f3xx_hal_tsc.o(i.HAL_TSC_IODischarge), (68 bytes).
    Removing stm32f3xx_hal_tsc.o(i.HAL_TSC_IRQHandler), (64 bytes).
    Removing stm32f3xx_hal_tsc.o(i.HAL_TSC_Init), (170 bytes).
    Removing stm32f3xx_hal_tsc.o(i.HAL_TSC_MspDeInit), (2 bytes).
    Removing stm32f3xx_hal_tsc.o(i.HAL_TSC_MspInit), (2 bytes).
    Removing stm32f3xx_hal_tsc.o(i.HAL_TSC_PollForAcquisition), (52 bytes).
    Removing stm32f3xx_hal_tsc.o(i.HAL_TSC_Start), (104 bytes).
    Removing stm32f3xx_hal_tsc.o(i.HAL_TSC_Start_IT), (136 bytes).
    Removing stm32f3xx_hal_tsc.o(i.HAL_TSC_Stop), (74 bytes).
    Removing stm32f3xx_hal_tsc.o(i.HAL_TSC_Stop_IT), (86 bytes).
    Removing stm32f3xx_hal_tsc.o(i.TSC_extract_groups), (34 bytes).
    Removing stm32f3xx_hal_uart.o(.rev16_text), (4 bytes).
    Removing stm32f3xx_hal_uart.o(.revsh_text), (4 bytes).
    Removing stm32f3xx_hal_uart.o(.rrx_text), (6 bytes).
    Removing stm32f3xx_hal_uart.o(i.HAL_HalfDuplex_EnableReceiver), (74 bytes).
    Removing stm32f3xx_hal_uart.o(i.HAL_HalfDuplex_EnableTransmitter), (74 bytes).
    Removing stm32f3xx_hal_uart.o(i.HAL_HalfDuplex_Init), (124 bytes).
    Removing stm32f3xx_hal_uart.o(i.HAL_LIN_Init), (160 bytes).
    Removing stm32f3xx_hal_uart.o(i.HAL_LIN_SendBreak), (62 bytes).
    Removing stm32f3xx_hal_uart.o(i.HAL_MultiProcessor_DisableMuteMode), (58 bytes).
    Removing stm32f3xx_hal_uart.o(i.HAL_MultiProcessor_EnableMuteMode), (58 bytes).
    Removing stm32f3xx_hal_uart.o(i.HAL_MultiProcessor_EnterMuteMode), (14 bytes).
    Removing stm32f3xx_hal_uart.o(i.HAL_MultiProcessor_Init), (148 bytes).
    Removing stm32f3xx_hal_uart.o(i.HAL_UART_Abort), (138 bytes).
    Removing stm32f3xx_hal_uart.o(i.HAL_UART_AbortCpltCallback), (2 bytes).
    Removing stm32f3xx_hal_uart.o(i.HAL_UART_AbortReceive), (90 bytes).
    Removing stm32f3xx_hal_uart.o(i.HAL_UART_AbortReceiveCpltCallback), (2 bytes).
    Removing stm32f3xx_hal_uart.o(i.HAL_UART_AbortReceive_IT), (136 bytes).
    Removing stm32f3xx_hal_uart.o(i.HAL_UART_AbortTransmit), (72 bytes).
    Removing stm32f3xx_hal_uart.o(i.HAL_UART_AbortTransmitCpltCallback), (2 bytes).
    Removing stm32f3xx_hal_uart.o(i.HAL_UART_AbortTransmit_IT), (112 bytes).
    Removing stm32f3xx_hal_uart.o(i.HAL_UART_Abort_IT), (232 bytes).
    Removing stm32f3xx_hal_uart.o(i.HAL_UART_DMAPause), (126 bytes).
    Removing stm32f3xx_hal_uart.o(i.HAL_UART_DMAResume), (108 bytes).
    Removing stm32f3xx_hal_uart.o(i.HAL_UART_DMAStop), (104 bytes).
    Removing stm32f3xx_hal_uart.o(i.HAL_UART_DeInit), (72 bytes).
    Removing stm32f3xx_hal_uart.o(i.HAL_UART_ErrorCallback), (2 bytes).
    Removing stm32f3xx_hal_uart.o(i.HAL_UART_GetError), (6 bytes).
    Removing stm32f3xx_hal_uart.o(i.HAL_UART_GetState), (20 bytes).
    Removing stm32f3xx_hal_uart.o(i.HAL_UART_IRQHandler), (396 bytes).
    Removing stm32f3xx_hal_uart.o(i.HAL_UART_MspDeInit), (2 bytes).
    Removing stm32f3xx_hal_uart.o(i.HAL_UART_Receive), (274 bytes).
    Removing stm32f3xx_hal_uart.o(i.HAL_UART_Receive_DMA), (168 bytes).
    Removing stm32f3xx_hal_uart.o(i.HAL_UART_Receive_IT), (188 bytes).
    Removing stm32f3xx_hal_uart.o(i.HAL_UART_RxCpltCallback), (2 bytes).
    Removing stm32f3xx_hal_uart.o(i.HAL_UART_RxHalfCpltCallback), (2 bytes).
    Removing stm32f3xx_hal_uart.o(i.HAL_UART_Transmit_DMA), (156 bytes).
    Removing stm32f3xx_hal_uart.o(i.HAL_UART_Transmit_IT), (90 bytes).
    Removing stm32f3xx_hal_uart.o(i.HAL_UART_TxCpltCallback), (2 bytes).
    Removing stm32f3xx_hal_uart.o(i.HAL_UART_TxHalfCpltCallback), (2 bytes).
    Removing stm32f3xx_hal_uart.o(i.UART_DMAAbortOnError), (24 bytes).
    Removing stm32f3xx_hal_uart.o(i.UART_DMAError), (86 bytes).
    Removing stm32f3xx_hal_uart.o(i.UART_DMAReceiveCplt), (72 bytes).
    Removing stm32f3xx_hal_uart.o(i.UART_DMARxAbortCallback), (60 bytes).
    Removing stm32f3xx_hal_uart.o(i.UART_DMARxHalfCplt), (14 bytes).
    Removing stm32f3xx_hal_uart.o(i.UART_DMARxOnlyAbortCallback), (32 bytes).
    Removing stm32f3xx_hal_uart.o(i.UART_DMATransmitCplt), (56 bytes).
    Removing stm32f3xx_hal_uart.o(i.UART_DMATxAbortCallback), (60 bytes).
    Removing stm32f3xx_hal_uart.o(i.UART_DMATxHalfCplt), (14 bytes).
    Removing stm32f3xx_hal_uart.o(i.UART_DMATxOnlyAbortCallback), (26 bytes).
    Removing stm32f3xx_hal_uart.o(i.UART_EndRxTransfer), (32 bytes).
    Removing stm32f3xx_hal_uart.o(i.UART_EndTransmit_IT), (32 bytes).
    Removing stm32f3xx_hal_uart.o(i.UART_EndTxTransfer), (20 bytes).
    Removing stm32f3xx_hal_uart.o(i.UART_Receive_IT), (138 bytes).
    Removing stm32f3xx_hal_uart.o(i.UART_Transmit_IT), (106 bytes).
    Removing stm32f3xx_hal_uart.o(i.UART_Wakeup_AddressConfig), (38 bytes).
    Removing stm32f3xx_hal_uart_ex.o(.rev16_text), (4 bytes).
    Removing stm32f3xx_hal_uart_ex.o(.revsh_text), (4 bytes).
    Removing stm32f3xx_hal_uart_ex.o(.rrx_text), (6 bytes).
    Removing stm32f3xx_hal_uart_ex.o(i.HAL_MultiProcessorEx_AddressLength_Set), (64 bytes).
    Removing stm32f3xx_hal_uart_ex.o(i.HAL_RS485Ex_Init), (156 bytes).
    Removing stm32f3xx_hal_uart_ex.o(i.HAL_UARTEx_DisableStopMode), (62 bytes).
    Removing stm32f3xx_hal_uart_ex.o(i.HAL_UARTEx_EnableStopMode), (62 bytes).
    Removing stm32f3xx_hal_uart_ex.o(i.HAL_UARTEx_StopModeWakeUpSourceConfig), (146 bytes).
    Removing stm32f3xx_hal_uart_ex.o(i.HAL_UARTEx_WakeupCallback), (2 bytes).
    Removing stm32f3xx_hal_usart.o(.rev16_text), (4 bytes).
    Removing stm32f3xx_hal_usart.o(.revsh_text), (4 bytes).
    Removing stm32f3xx_hal_usart.o(.rrx_text), (6 bytes).
    Removing stm32f3xx_hal_usart.o(i.HAL_USART_Abort), (132 bytes).
    Removing stm32f3xx_hal_usart.o(i.HAL_USART_AbortCpltCallback), (2 bytes).
    Removing stm32f3xx_hal_usart.o(i.HAL_USART_Abort_IT), (228 bytes).
    Removing stm32f3xx_hal_usart.o(i.HAL_USART_DMAPause), (160 bytes).
    Removing stm32f3xx_hal_usart.o(i.HAL_USART_DMAResume), (130 bytes).
    Removing stm32f3xx_hal_usart.o(i.HAL_USART_DMAStop), (64 bytes).
    Removing stm32f3xx_hal_usart.o(i.HAL_USART_DeInit), (56 bytes).
    Removing stm32f3xx_hal_usart.o(i.HAL_USART_ErrorCallback), (2 bytes).
    Removing stm32f3xx_hal_usart.o(i.HAL_USART_GetError), (6 bytes).
    Removing stm32f3xx_hal_usart.o(i.HAL_USART_GetState), (8 bytes).
    Removing stm32f3xx_hal_usart.o(i.HAL_USART_IRQHandler), (424 bytes).
    Removing stm32f3xx_hal_usart.o(i.HAL_USART_Init), (102 bytes).
    Removing stm32f3xx_hal_usart.o(i.HAL_USART_MspDeInit), (2 bytes).
    Removing stm32f3xx_hal_usart.o(i.HAL_USART_MspInit), (2 bytes).
    Removing stm32f3xx_hal_usart.o(i.HAL_USART_Receive), (282 bytes).
    Removing stm32f3xx_hal_usart.o(i.HAL_USART_Receive_DMA), (212 bytes).
    Removing stm32f3xx_hal_usart.o(i.HAL_USART_Receive_IT), (196 bytes).
    Removing stm32f3xx_hal_usart.o(i.HAL_USART_RxCpltCallback), (2 bytes).
    Removing stm32f3xx_hal_usart.o(i.HAL_USART_RxHalfCpltCallback), (2 bytes).
    Removing stm32f3xx_hal_usart.o(i.HAL_USART_Transmit), (192 bytes).
    Removing stm32f3xx_hal_usart.o(i.HAL_USART_TransmitReceive), (338 bytes).
    Removing stm32f3xx_hal_usart.o(i.HAL_USART_TransmitReceive_DMA), (236 bytes).
    Removing stm32f3xx_hal_usart.o(i.HAL_USART_TransmitReceive_IT), (192 bytes).
    Removing stm32f3xx_hal_usart.o(i.HAL_USART_Transmit_DMA), (152 bytes).
    Removing stm32f3xx_hal_usart.o(i.HAL_USART_Transmit_IT), (88 bytes).
    Removing stm32f3xx_hal_usart.o(i.HAL_USART_TxCpltCallback), (2 bytes).
    Removing stm32f3xx_hal_usart.o(i.HAL_USART_TxHalfCpltCallback), (2 bytes).
    Removing stm32f3xx_hal_usart.o(i.HAL_USART_TxRxCpltCallback), (2 bytes).
    Removing stm32f3xx_hal_usart.o(i.USART_CheckIdleState), (124 bytes).
    Removing stm32f3xx_hal_usart.o(i.USART_DMAAbortOnError), (20 bytes).
    Removing stm32f3xx_hal_usart.o(i.USART_DMAError), (40 bytes).
    Removing stm32f3xx_hal_usart.o(i.USART_DMAReceiveCplt), (122 bytes).
    Removing stm32f3xx_hal_usart.o(i.USART_DMARxAbortCallback), (54 bytes).
    Removing stm32f3xx_hal_usart.o(i.USART_DMARxHalfCplt), (14 bytes).
    Removing stm32f3xx_hal_usart.o(i.USART_DMATransmitCplt), (70 bytes).
    Removing stm32f3xx_hal_usart.o(i.USART_DMATxAbortCallback), (54 bytes).
    Removing stm32f3xx_hal_usart.o(i.USART_DMATxHalfCplt), (14 bytes).
    Removing stm32f3xx_hal_usart.o(i.USART_EndTransfer), (32 bytes).
    Removing stm32f3xx_hal_usart.o(i.USART_EndTransmit_IT), (44 bytes).
    Removing stm32f3xx_hal_usart.o(i.USART_Receive_IT), (126 bytes).
    Removing stm32f3xx_hal_usart.o(i.USART_SetConfig), (380 bytes).
    Removing stm32f3xx_hal_usart.o(i.USART_TransmitReceive_IT), (214 bytes).
    Removing stm32f3xx_hal_usart.o(i.USART_Transmit_IT), (102 bytes).
    Removing stm32f3xx_hal_usart.o(i.USART_WaitOnFlagUntilTimeout), (104 bytes).
    Removing stm32f3xx_hal_wwdg.o(.rev16_text), (4 bytes).
    Removing stm32f3xx_hal_wwdg.o(.revsh_text), (4 bytes).
    Removing stm32f3xx_hal_wwdg.o(.rrx_text), (6 bytes).
    Removing stm32f3xx_hal_wwdg.o(i.HAL_WWDG_EarlyWakeupCallback), (2 bytes).
    Removing stm32f3xx_hal_wwdg.o(i.HAL_WWDG_IRQHandler), (40 bytes).
    Removing stm32f3xx_hal_wwdg.o(i.HAL_WWDG_Init), (44 bytes).
    Removing stm32f3xx_hal_wwdg.o(i.HAL_WWDG_MspInit), (2 bytes).
    Removing stm32f3xx_hal_wwdg.o(i.HAL_WWDG_Refresh), (12 bytes).
    Removing debug_usart2.o(.rev16_text), (4 bytes).
    Removing debug_usart2.o(.revsh_text), (4 bytes).
    Removing debug_usart2.o(.rrx_text), (6 bytes).
    Removing debug_usart2.o(i.fgetc), (44 bytes).
    Removing i2s.o(.rev16_text), (4 bytes).
    Removing i2s.o(.revsh_text), (4 bytes).
    Removing i2s.o(.rrx_text), (6 bytes).
    Removing i2s.o(i.ak4556_dma_init), (120 bytes).
    Removing i2s.o(i.ak4556_gpio_init), (212 bytes).
    Removing i2s.o(i.ak4556_i2s_init), (104 bytes).
    Removing i2s.o(i.ak4556_in), (28 bytes).
    Removing i2s.o(i.ak4556_init), (16 bytes).
    Removing key.o(.rev16_text), (4 bytes).
    Removing key.o(.revsh_text), (4 bytes).
    Removing key.o(.rrx_text), (6 bytes).
    Removing key.o(i.key_init), (96 bytes).
    Removing key.o(i.key_scanf), (102 bytes).
    Removing led.o(.rev16_text), (4 bytes).
    Removing led.o(.revsh_text), (4 bytes).
    Removing led.o(.rrx_text), (6 bytes).
    Removing led.o(i.led_init), (92 bytes).
    Removing led.o(i.led_off), (40 bytes).
    Removing led.o(i.led_on), (40 bytes).
    Removing nand_flash.o(.rev16_text), (4 bytes).
    Removing nand_flash.o(.revsh_text), (4 bytes).
    Removing nand_flash.o(.rrx_text), (6 bytes).
    Removing nand_flash.o(i.cycle_input), (20 bytes).
    Removing nand_flash.o(i.nand_flash_ECC_read), (204 bytes).
    Removing nand_flash.o(i.nandflash_data_input), (148 bytes).
    Removing nand_flash.o(i.nandflash_data_read), (492 bytes).
    Removing main.o(.rev16_text), (4 bytes).
    Removing main.o(.revsh_text), (4 bytes).
    Removing main.o(.rrx_text), (6 bytes).
    Removing stm32f3xx_hal_msp.o(.rev16_text), (4 bytes).
    Removing stm32f3xx_hal_msp.o(.revsh_text), (4 bytes).
    Removing stm32f3xx_hal_msp.o(.rrx_text), (6 bytes).
    Removing stm32f3xx_hal_msp.o(i.HAL_MspDeInit), (2 bytes).
    Removing stm32f3xx_it.o(.rev16_text), (4 bytes).
    Removing stm32f3xx_it.o(.revsh_text), (4 bytes).
    Removing stm32f3xx_it.o(.rrx_text), (6 bytes).
    Removing dadd.o(.text), (334 bytes).
    Removing dmul.o(.text), (228 bytes).
    Removing ddiv.o(.text), (222 bytes).
    Removing dfixul.o(.text), (48 bytes).
    Removing cdrcmple.o(.text), (48 bytes).
    Removing depilogue.o(.text), (186 bytes).

951 unused section(s) (total 86804 bytes) removed from the image.

==============================================================================

Image Symbol Table

    Local Symbols

    Symbol Name                              Value     Ov Type        Size  Object(Section)

    ../clib/microlib/division.c              0x00000000   Number         0  uldiv.o ABSOLUTE
    ../clib/microlib/division.c              0x00000000   Number         0  uidiv.o ABSOLUTE
    ../clib/microlib/init/entry.s            0x00000000   Number         0  entry7a.o ABSOLUTE
    ../clib/microlib/init/entry.s            0x00000000   Number         0  entry.o ABSOLUTE
    ../clib/microlib/init/entry.s            0x00000000   Number         0  entry8a.o ABSOLUTE
    ../clib/microlib/init/entry.s            0x00000000   Number         0  entry8b.o ABSOLUTE
    ../clib/microlib/init/entry.s            0x00000000   Number         0  entry11b.o ABSOLUTE
    ../clib/microlib/init/entry.s            0x00000000   Number         0  entry9a.o ABSOLUTE
    ../clib/microlib/init/entry.s            0x00000000   Number         0  entry10a.o ABSOLUTE
    ../clib/microlib/init/entry.s            0x00000000   Number         0  entry10b.o ABSOLUTE
    ../clib/microlib/init/entry.s            0x00000000   Number         0  entry9b.o ABSOLUTE
    ../clib/microlib/init/entry.s            0x00000000   Number         0  entry11a.o ABSOLUTE
    ../clib/microlib/init/entry.s            0x00000000   Number         0  entry7b.o ABSOLUTE
    ../clib/microlib/init/entry.s            0x00000000   Number         0  entry2.o ABSOLUTE
    ../clib/microlib/init/entry.s            0x00000000   Number         0  entry5.o ABSOLUTE
    ../clib/microlib/longlong.c              0x00000000   Number         0  llsshr.o ABSOLUTE
    ../clib/microlib/longlong.c              0x00000000   Number         0  llshl.o ABSOLUTE
    ../clib/microlib/longlong.c              0x00000000   Number         0  llushr.o ABSOLUTE
    ../clib/microlib/printf/printf.c         0x00000000   Number         0  printf6.o ABSOLUTE
    ../clib/microlib/printf/printf.c         0x00000000   Number         0  printf7.o ABSOLUTE
    ../clib/microlib/printf/printf.c         0x00000000   Number         0  printf5.o ABSOLUTE
    ../clib/microlib/printf/printf.c         0x00000000   Number         0  printf2.o ABSOLUTE
    ../clib/microlib/printf/printf.c         0x00000000   Number         0  printfb.o ABSOLUTE
    ../clib/microlib/printf/printf.c         0x00000000   Number         0  printf0.o ABSOLUTE
    ../clib/microlib/printf/printf.c         0x00000000   Number         0  printf1.o ABSOLUTE
    ../clib/microlib/printf/printf.c         0x00000000   Number         0  printf4.o ABSOLUTE
    ../clib/microlib/printf/printf.c         0x00000000   Number         0  printf3.o ABSOLUTE
    ../clib/microlib/printf/printf.c         0x00000000   Number         0  printf8.o ABSOLUTE
    ../clib/microlib/printf/printf.c         0x00000000   Number         0  printfa.o ABSOLUTE
    ../clib/microlib/printf/stubs.s          0x00000000   Number         0  stubs.o ABSOLUTE
    ../clib/microlib/stdio/streams.c         0x00000000   Number         0  stdout.o ABSOLUTE
    ../clib/microlib/string/memcpy.c         0x00000000   Number         0  memcpyb.o ABSOLUTE
    ../clib/microlib/string/memcpy.c         0x00000000   Number         0  memcpya.o ABSOLUTE
    ../clib/microlib/stubs.s                 0x00000000   Number         0  iusefp.o ABSOLUTE
    ../fplib/microlib/fpadd.c                0x00000000   Number         0  dadd.o ABSOLUTE
    ../fplib/microlib/fpdiv.c                0x00000000   Number         0  ddiv.o ABSOLUTE
    ../fplib/microlib/fpepilogue.c           0x00000000   Number         0  depilogue.o ABSOLUTE
    ../fplib/microlib/fpfix.c                0x00000000   Number         0  dfixul.o ABSOLUTE
    ../fplib/microlib/fpmul.c                0x00000000   Number         0  dmul.o ABSOLUTE
    ..\..\STM32F3xx_HAL_Driver\Src\stm32f3xx_hal.c 0x00000000   Number         0  stm32f3xx_hal.o ABSOLUTE
    ..\..\STM32F3xx_HAL_Driver\Src\stm32f3xx_hal_adc.c 0x00000000   Number         0  stm32f3xx_hal_adc.o ABSOLUTE
    ..\..\STM32F3xx_HAL_Driver\Src\stm32f3xx_hal_adc_ex.c 0x00000000   Number         0  stm32f3xx_hal_adc_ex.o ABSOLUTE
    ..\..\STM32F3xx_HAL_Driver\Src\stm32f3xx_hal_can.c 0x00000000   Number         0  stm32f3xx_hal_can.o ABSOLUTE
    ..\..\STM32F3xx_HAL_Driver\Src\stm32f3xx_hal_cec.c 0x00000000   Number         0  stm32f3xx_hal_cec.o ABSOLUTE
    ..\..\STM32F3xx_HAL_Driver\Src\stm32f3xx_hal_comp.c 0x00000000   Number         0  stm32f3xx_hal_comp.o ABSOLUTE
    ..\..\STM32F3xx_HAL_Driver\Src\stm32f3xx_hal_cortex.c 0x00000000   Number         0  stm32f3xx_hal_cortex.o ABSOLUTE
    ..\..\STM32F3xx_HAL_Driver\Src\stm32f3xx_hal_crc.c 0x00000000   Number         0  stm32f3xx_hal_crc.o ABSOLUTE
    ..\..\STM32F3xx_HAL_Driver\Src\stm32f3xx_hal_crc_ex.c 0x00000000   Number         0  stm32f3xx_hal_crc_ex.o ABSOLUTE
    ..\..\STM32F3xx_HAL_Driver\Src\stm32f3xx_hal_dac.c 0x00000000   Number         0  stm32f3xx_hal_dac.o ABSOLUTE
    ..\..\STM32F3xx_HAL_Driver\Src\stm32f3xx_hal_dac_ex.c 0x00000000   Number         0  stm32f3xx_hal_dac_ex.o ABSOLUTE
    ..\..\STM32F3xx_HAL_Driver\Src\stm32f3xx_hal_dma.c 0x00000000   Number         0  stm32f3xx_hal_dma.o ABSOLUTE
    ..\..\STM32F3xx_HAL_Driver\Src\stm32f3xx_hal_flash.c 0x00000000   Number         0  stm32f3xx_hal_flash.o ABSOLUTE
    ..\..\STM32F3xx_HAL_Driver\Src\stm32f3xx_hal_flash_ex.c 0x00000000   Number         0  stm32f3xx_hal_flash_ex.o ABSOLUTE
    ..\..\STM32F3xx_HAL_Driver\Src\stm32f3xx_hal_gpio.c 0x00000000   Number         0  stm32f3xx_hal_gpio.o ABSOLUTE
    ..\..\STM32F3xx_HAL_Driver\Src\stm32f3xx_hal_i2c.c 0x00000000   Number         0  stm32f3xx_hal_i2c.o ABSOLUTE
    ..\..\STM32F3xx_HAL_Driver\Src\stm32f3xx_hal_i2c_ex.c 0x00000000   Number         0  stm32f3xx_hal_i2c_ex.o ABSOLUTE
    ..\..\STM32F3xx_HAL_Driver\Src\stm32f3xx_hal_i2s.c 0x00000000   Number         0  stm32f3xx_hal_i2s.o ABSOLUTE
    ..\..\STM32F3xx_HAL_Driver\Src\stm32f3xx_hal_i2s_ex.c 0x00000000   Number         0  stm32f3xx_hal_i2s_ex.o ABSOLUTE
    ..\..\STM32F3xx_HAL_Driver\Src\stm32f3xx_hal_irda.c 0x00000000   Number         0  stm32f3xx_hal_irda.o ABSOLUTE
    ..\..\STM32F3xx_HAL_Driver\Src\stm32f3xx_hal_iwdg.c 0x00000000   Number         0  stm32f3xx_hal_iwdg.o ABSOLUTE
    ..\..\STM32F3xx_HAL_Driver\Src\stm32f3xx_hal_pwr.c 0x00000000   Number         0  stm32f3xx_hal_pwr.o ABSOLUTE
    ..\..\STM32F3xx_HAL_Driver\Src\stm32f3xx_hal_pwr_ex.c 0x00000000   Number         0  stm32f3xx_hal_pwr_ex.o ABSOLUTE
    ..\..\STM32F3xx_HAL_Driver\Src\stm32f3xx_hal_rcc.c 0x00000000   Number         0  stm32f3xx_hal_rcc.o ABSOLUTE
    ..\..\STM32F3xx_HAL_Driver\Src\stm32f3xx_hal_rcc_ex.c 0x00000000   Number         0  stm32f3xx_hal_rcc_ex.o ABSOLUTE
    ..\..\STM32F3xx_HAL_Driver\Src\stm32f3xx_hal_rtc.c 0x00000000   Number         0  stm32f3xx_hal_rtc.o ABSOLUTE
    ..\..\STM32F3xx_HAL_Driver\Src\stm32f3xx_hal_rtc_ex.c 0x00000000   Number         0  stm32f3xx_hal_rtc_ex.o ABSOLUTE
    ..\..\STM32F3xx_HAL_Driver\Src\stm32f3xx_hal_spi.c 0x00000000   Number         0  stm32f3xx_hal_spi.o ABSOLUTE
    ..\..\STM32F3xx_HAL_Driver\Src\stm32f3xx_hal_spi_ex.c 0x00000000   Number         0  stm32f3xx_hal_spi_ex.o ABSOLUTE
    ..\..\STM32F3xx_HAL_Driver\Src\stm32f3xx_hal_sram.c 0x00000000   Number         0  stm32f3xx_hal_sram.o ABSOLUTE
    ..\..\STM32F3xx_HAL_Driver\Src\stm32f3xx_hal_tim.c 0x00000000   Number         0  stm32f3xx_hal_tim.o ABSOLUTE
    ..\..\STM32F3xx_HAL_Driver\Src\stm32f3xx_hal_tim_ex.c 0x00000000   Number         0  stm32f3xx_hal_tim_ex.o ABSOLUTE
    ..\..\STM32F3xx_HAL_Driver\Src\stm32f3xx_hal_tsc.c 0x00000000   Number         0  stm32f3xx_hal_tsc.o ABSOLUTE
    ..\..\STM32F3xx_HAL_Driver\Src\stm32f3xx_hal_uart.c 0x00000000   Number         0  stm32f3xx_hal_uart.o ABSOLUTE
    ..\..\STM32F3xx_HAL_Driver\Src\stm32f3xx_hal_uart_ex.c 0x00000000   Number         0  stm32f3xx_hal_uart_ex.o ABSOLUTE
    ..\..\STM32F3xx_HAL_Driver\Src\stm32f3xx_hal_usart.c 0x00000000   Number         0  stm32f3xx_hal_usart.o ABSOLUTE
    ..\..\STM32F3xx_HAL_Driver\Src\stm32f3xx_hal_wwdg.c 0x00000000   Number         0  stm32f3xx_hal_wwdg.o ABSOLUTE
    ..\..\cmsis\startup\startup_stm32f301x8.s 0x00000000   Number         0  startup_stm32f301x8.o ABSOLUTE
    ..\..\cmsis\sys\system_stm32f3xx.c       0x00000000   Number         0  system_stm32f3xx.o ABSOLUTE
    ..\..\driver\debug_usart2.c              0x00000000   Number         0  debug_usart2.o ABSOLUTE
    ..\..\driver\i2s.c                       0x00000000   Number         0  i2s.o ABSOLUTE
    ..\..\driver\key.c                       0x00000000   Number         0  key.o ABSOLUTE
    ..\..\driver\led.c                       0x00000000   Number         0  led.o ABSOLUTE
    ..\..\driver\nand_flash\nand_flash.c     0x00000000   Number         0  nand_flash.o ABSOLUTE
    ..\..\user\main.c                        0x00000000   Number         0  main.o ABSOLUTE
    ..\..\user\stm32f3xx_hal_msp.c           0x00000000   Number         0  stm32f3xx_hal_msp.o ABSOLUTE
    ..\..\user\stm32f3xx_it.c                0x00000000   Number         0  stm32f3xx_it.o ABSOLUTE
    ..\\..\\STM32F3xx_HAL_Driver\\Src\\stm32f3xx_hal.c 0x00000000   Number         0  stm32f3xx_hal.o ABSOLUTE
    ..\\..\\STM32F3xx_HAL_Driver\\Src\\stm32f3xx_hal_adc.c 0x00000000   Number         0  stm32f3xx_hal_adc.o ABSOLUTE
    ..\\..\\STM32F3xx_HAL_Driver\\Src\\stm32f3xx_hal_adc_ex.c 0x00000000   Number         0  stm32f3xx_hal_adc_ex.o ABSOLUTE
    ..\\..\\STM32F3xx_HAL_Driver\\Src\\stm32f3xx_hal_can.c 0x00000000   Number         0  stm32f3xx_hal_can.o ABSOLUTE
    ..\\..\\STM32F3xx_HAL_Driver\\Src\\stm32f3xx_hal_cec.c 0x00000000   Number         0  stm32f3xx_hal_cec.o ABSOLUTE
    ..\\..\\STM32F3xx_HAL_Driver\\Src\\stm32f3xx_hal_comp.c 0x00000000   Number         0  stm32f3xx_hal_comp.o ABSOLUTE
    ..\\..\\STM32F3xx_HAL_Driver\\Src\\stm32f3xx_hal_cortex.c 0x00000000   Number         0  stm32f3xx_hal_cortex.o ABSOLUTE
    ..\\..\\STM32F3xx_HAL_Driver\\Src\\stm32f3xx_hal_crc.c 0x00000000   Number         0  stm32f3xx_hal_crc.o ABSOLUTE
    ..\\..\\STM32F3xx_HAL_Driver\\Src\\stm32f3xx_hal_crc_ex.c 0x00000000   Number         0  stm32f3xx_hal_crc_ex.o ABSOLUTE
    ..\\..\\STM32F3xx_HAL_Driver\\Src\\stm32f3xx_hal_dac.c 0x00000000   Number         0  stm32f3xx_hal_dac.o ABSOLUTE
    ..\\..\\STM32F3xx_HAL_Driver\\Src\\stm32f3xx_hal_dac_ex.c 0x00000000   Number         0  stm32f3xx_hal_dac_ex.o ABSOLUTE
    ..\\..\\STM32F3xx_HAL_Driver\\Src\\stm32f3xx_hal_dma.c 0x00000000   Number         0  stm32f3xx_hal_dma.o ABSOLUTE
    ..\\..\\STM32F3xx_HAL_Driver\\Src\\stm32f3xx_hal_flash.c 0x00000000   Number         0  stm32f3xx_hal_flash.o ABSOLUTE
    ..\\..\\STM32F3xx_HAL_Driver\\Src\\stm32f3xx_hal_flash_ex.c 0x00000000   Number         0  stm32f3xx_hal_flash_ex.o ABSOLUTE
    ..\\..\\STM32F3xx_HAL_Driver\\Src\\stm32f3xx_hal_gpio.c 0x00000000   Number         0  stm32f3xx_hal_gpio.o ABSOLUTE
    ..\\..\\STM32F3xx_HAL_Driver\\Src\\stm32f3xx_hal_i2c.c 0x00000000   Number         0  stm32f3xx_hal_i2c.o ABSOLUTE
    ..\\..\\STM32F3xx_HAL_Driver\\Src\\stm32f3xx_hal_i2c_ex.c 0x00000000   Number         0  stm32f3xx_hal_i2c_ex.o ABSOLUTE
    ..\\..\\STM32F3xx_HAL_Driver\\Src\\stm32f3xx_hal_i2s.c 0x00000000   Number         0  stm32f3xx_hal_i2s.o ABSOLUTE
    ..\\..\\STM32F3xx_HAL_Driver\\Src\\stm32f3xx_hal_i2s_ex.c 0x00000000   Number         0  stm32f3xx_hal_i2s_ex.o ABSOLUTE
    ..\\..\\STM32F3xx_HAL_Driver\\Src\\stm32f3xx_hal_irda.c 0x00000000   Number         0  stm32f3xx_hal_irda.o ABSOLUTE
    ..\\..\\STM32F3xx_HAL_Driver\\Src\\stm32f3xx_hal_iwdg.c 0x00000000   Number         0  stm32f3xx_hal_iwdg.o ABSOLUTE
    ..\\..\\STM32F3xx_HAL_Driver\\Src\\stm32f3xx_hal_pwr.c 0x00000000   Number         0  stm32f3xx_hal_pwr.o ABSOLUTE
    ..\\..\\STM32F3xx_HAL_Driver\\Src\\stm32f3xx_hal_pwr_ex.c 0x00000000   Number         0  stm32f3xx_hal_pwr_ex.o ABSOLUTE
    ..\\..\\STM32F3xx_HAL_Driver\\Src\\stm32f3xx_hal_rcc.c 0x00000000   Number         0  stm32f3xx_hal_rcc.o ABSOLUTE
    ..\\..\\STM32F3xx_HAL_Driver\\Src\\stm32f3xx_hal_rcc_ex.c 0x00000000   Number         0  stm32f3xx_hal_rcc_ex.o ABSOLUTE
    ..\\..\\STM32F3xx_HAL_Driver\\Src\\stm32f3xx_hal_rtc.c 0x00000000   Number         0  stm32f3xx_hal_rtc.o ABSOLUTE
    ..\\..\\STM32F3xx_HAL_Driver\\Src\\stm32f3xx_hal_rtc_ex.c 0x00000000   Number         0  stm32f3xx_hal_rtc_ex.o ABSOLUTE
    ..\\..\\STM32F3xx_HAL_Driver\\Src\\stm32f3xx_hal_spi.c 0x00000000   Number         0  stm32f3xx_hal_spi.o ABSOLUTE
    ..\\..\\STM32F3xx_HAL_Driver\\Src\\stm32f3xx_hal_spi_ex.c 0x00000000   Number         0  stm32f3xx_hal_spi_ex.o ABSOLUTE
    ..\\..\\STM32F3xx_HAL_Driver\\Src\\stm32f3xx_hal_sram.c 0x00000000   Number         0  stm32f3xx_hal_sram.o ABSOLUTE
    ..\\..\\STM32F3xx_HAL_Driver\\Src\\stm32f3xx_hal_tim.c 0x00000000   Number         0  stm32f3xx_hal_tim.o ABSOLUTE
    ..\\..\\STM32F3xx_HAL_Driver\\Src\\stm32f3xx_hal_tim_ex.c 0x00000000   Number         0  stm32f3xx_hal_tim_ex.o ABSOLUTE
    ..\\..\\STM32F3xx_HAL_Driver\\Src\\stm32f3xx_hal_tsc.c 0x00000000   Number         0  stm32f3xx_hal_tsc.o ABSOLUTE
    ..\\..\\STM32F3xx_HAL_Driver\\Src\\stm32f3xx_hal_uart.c 0x00000000   Number         0  stm32f3xx_hal_uart.o ABSOLUTE
    ..\\..\\STM32F3xx_HAL_Driver\\Src\\stm32f3xx_hal_uart_ex.c 0x00000000   Number         0  stm32f3xx_hal_uart_ex.o ABSOLUTE
    ..\\..\\STM32F3xx_HAL_Driver\\Src\\stm32f3xx_hal_usart.c 0x00000000   Number         0  stm32f3xx_hal_usart.o ABSOLUTE
    ..\\..\\STM32F3xx_HAL_Driver\\Src\\stm32f3xx_hal_wwdg.c 0x00000000   Number         0  stm32f3xx_hal_wwdg.o ABSOLUTE
    ..\\..\\cmsis\\sys\\system_stm32f3xx.c   0x00000000   Number         0  system_stm32f3xx.o ABSOLUTE
    ..\\..\\driver\\debug_usart2.c           0x00000000   Number         0  debug_usart2.o ABSOLUTE
    ..\\..\\driver\\i2s.c                    0x00000000   Number         0  i2s.o ABSOLUTE
    ..\\..\\driver\\key.c                    0x00000000   Number         0  key.o ABSOLUTE
    ..\\..\\driver\\led.c                    0x00000000   Number         0  led.o ABSOLUTE
    ..\\..\\driver\\nand_flash\\nand_flash.c 0x00000000   Number         0  nand_flash.o ABSOLUTE
    ..\\..\\user\\main.c                     0x00000000   Number         0  main.o ABSOLUTE
    ..\\..\\user\\stm32f3xx_hal_msp.c        0x00000000   Number         0  stm32f3xx_hal_msp.o ABSOLUTE
    ..\\..\\user\\stm32f3xx_it.c             0x00000000   Number         0  stm32f3xx_it.o ABSOLUTE
    cdrcmple.s                               0x00000000   Number         0  cdrcmple.o ABSOLUTE
    dc.s                                     0x00000000   Number         0  dc.o ABSOLUTE
    handlers.s                               0x00000000   Number         0  handlers.o ABSOLUTE
    init.s                                   0x00000000   Number         0  init.o ABSOLUTE
    RESET                                    0x08000000   Section      392  startup_stm32f301x8.o(RESET)
    .ARM.Collect$$$$00000000                 0x08000188   Section        0  entry.o(.ARM.Collect$$$$00000000)
    .ARM.Collect$$$$00000001                 0x08000188   Section        4  entry2.o(.ARM.Collect$$$$00000001)
    .ARM.Collect$$$$00000004                 0x0800018c   Section        4  entry5.o(.ARM.Collect$$$$00000004)
    .ARM.Collect$$$$00000008                 0x08000190   Section        0  entry7b.o(.ARM.Collect$$$$00000008)
    .ARM.Collect$$$$0000000A                 0x08000190   Section        0  entry8b.o(.ARM.Collect$$$$0000000A)
    .ARM.Collect$$$$0000000B                 0x08000190   Section        8  entry9a.o(.ARM.Collect$$$$0000000B)
    .ARM.Collect$$$$0000000D                 0x08000198   Section        0  entry10a.o(.ARM.Collect$$$$0000000D)
    .ARM.Collect$$$$0000000F                 0x08000198   Section        0  entry11a.o(.ARM.Collect$$$$0000000F)
    .ARM.Collect$$$$00002712                 0x08000198   Section        4  entry2.o(.ARM.Collect$$$$00002712)
    __lit__00000000                          0x08000198   Data           4  entry2.o(.ARM.Collect$$$$00002712)
    .text                                    0x0800019c   Section       36  startup_stm32f301x8.o(.text)
    $v0                                      0x0800019c   Number         0  startup_stm32f301x8.o(.text)
    .text                                    0x080001c0   Section        0  llushr.o(.text)
    .text                                    0x080001e0   Section        0  uldiv.o(.text)
    .text                                    0x08000244   Section       36  init.o(.text)
    .text                                    0x08000268   Section        0  llshl.o(.text)
    i.BusFault_Handler                       0x08000286   Section        0  stm32f3xx_it.o(i.BusFault_Handler)
    i.DebugMon_Handler                       0x0800028a   Section        0  stm32f3xx_it.o(i.DebugMon_Handler)
    i.HAL_Delay                              0x0800028c   Section        0  stm32f3xx_hal.o(i.HAL_Delay)
    i.HAL_GPIO_Init                          0x080002b4   Section        0  stm32f3xx_hal_gpio.o(i.HAL_GPIO_Init)
    i.HAL_GPIO_WritePin                      0x08000474   Section        0  stm32f3xx_hal_gpio.o(i.HAL_GPIO_WritePin)
    i.HAL_GetTick                            0x08000480   Section        0  stm32f3xx_hal.o(i.HAL_GetTick)
    i.HAL_I2S_ErrorCallback                  0x0800048c   Section        0  stm32f3xx_hal_i2s.o(i.HAL_I2S_ErrorCallback)
    i.HAL_I2S_Transmit                       0x0800048e   Section        0  stm32f3xx_hal_i2s.o(i.HAL_I2S_Transmit)
    i.HAL_IncTick                            0x08000594   Section        0  stm32f3xx_hal.o(i.HAL_IncTick)
    i.HAL_Init                               0x080005ac   Section        0  stm32f3xx_hal.o(i.HAL_Init)
    i.HAL_InitTick                           0x080005d4   Section        0  stm32f3xx_hal.o(i.HAL_InitTick)
    i.HAL_MspInit                            0x08000620   Section        0  stm32f3xx_hal_msp.o(i.HAL_MspInit)
    i.HAL_NVIC_SetPriority                   0x08000622   Section        0  stm32f3xx_hal_cortex.o(i.HAL_NVIC_SetPriority)
    i.HAL_NVIC_SetPriorityGrouping           0x080006a0   Section        0  stm32f3xx_hal_cortex.o(i.HAL_NVIC_SetPriorityGrouping)
    i.HAL_RCC_ClockConfig                    0x080006c8   Section        0  stm32f3xx_hal_rcc.o(i.HAL_RCC_ClockConfig)
    i.HAL_RCC_GetHCLKFreq                    0x08000970   Section        0  stm32f3xx_hal_rcc.o(i.HAL_RCC_GetHCLKFreq)
    i.HAL_RCC_GetPCLK1Freq                   0x0800097c   Section        0  stm32f3xx_hal_rcc.o(i.HAL_RCC_GetPCLK1Freq)
    i.HAL_RCC_GetPCLK2Freq                   0x080009a8   Section        0  stm32f3xx_hal_rcc.o(i.HAL_RCC_GetPCLK2Freq)
    i.HAL_RCC_GetSysClockFreq                0x080009d4   Section        0  stm32f3xx_hal_rcc.o(i.HAL_RCC_GetSysClockFreq)
    i.HAL_RCC_OscConfig                      0x08000a60   Section        0  stm32f3xx_hal_rcc.o(i.HAL_RCC_OscConfig)
    i.HAL_SYSTICK_Config                     0x08001464   Section        0  stm32f3xx_hal_cortex.o(i.HAL_SYSTICK_Config)
    i.HAL_UART_Init                          0x08001498   Section        0  stm32f3xx_hal_uart.o(i.HAL_UART_Init)
    i.HAL_UART_MspInit                       0x08001510   Section        0  stm32f3xx_hal_uart.o(i.HAL_UART_MspInit)
    i.HAL_UART_Transmit                      0x08001512   Section        0  stm32f3xx_hal_uart.o(i.HAL_UART_Transmit)
    i.HardFault_Handler                      0x080015d8   Section        0  stm32f3xx_it.o(i.HardFault_Handler)
    i.I2S_WaitFlagStateUntilTimeout          0x080015dc   Section        0  stm32f3xx_hal_i2s.o(i.I2S_WaitFlagStateUntilTimeout)
    I2S_WaitFlagStateUntilTimeout            0x080015dd   Thumb Code   148  stm32f3xx_hal_i2s.o(i.I2S_WaitFlagStateUntilTimeout)
    i.MemManage_Handler                      0x08001670   Section        0  stm32f3xx_it.o(i.MemManage_Handler)
    i.NMI_Handler                            0x08001674   Section        0  stm32f3xx_it.o(i.NMI_Handler)
    i.NVIC_GetPriorityGrouping               0x08001678   Section        0  stm32f3xx_hal_cortex.o(i.NVIC_GetPriorityGrouping)
    NVIC_GetPriorityGrouping                 0x08001679   Thumb Code    10  stm32f3xx_hal_cortex.o(i.NVIC_GetPriorityGrouping)
    i.NVIC_SetPriority                       0x08001688   Section        0  stm32f3xx_hal_cortex.o(i.NVIC_SetPriority)
    NVIC_SetPriority                         0x08001689   Thumb Code    32  stm32f3xx_hal_cortex.o(i.NVIC_SetPriority)
    i.PendSV_Handler                         0x080016b0   Section        0  stm32f3xx_it.o(i.PendSV_Handler)
    i.SVC_Handler                            0x080016b2   Section        0  stm32f3xx_it.o(i.SVC_Handler)
    i.SysTick_Handler                        0x080016b4   Section        0  stm32f3xx_it.o(i.SysTick_Handler)
    i.SystemClock_Config                     0x080016bc   Section        0  main.o(i.SystemClock_Config)
    SystemClock_Config                       0x080016bd   Thumb Code    70  main.o(i.SystemClock_Config)
    i.SystemInit                             0x08001704   Section        0  system_stm32f3xx.o(i.SystemInit)
    i.UART_AdvFeatureConfig                  0x08001780   Section        0  stm32f3xx_hal_uart.o(i.UART_AdvFeatureConfig)
    i.UART_CheckIdleState                    0x08001878   Section        0  stm32f3xx_hal_uart.o(i.UART_CheckIdleState)
    i.UART_SetConfig                         0x080018ec   Section        0  stm32f3xx_hal_uart.o(i.UART_SetConfig)
    i.UART_WaitOnFlagUntilTimeout            0x08001afc   Section        0  stm32f3xx_hal_uart.o(i.UART_WaitOnFlagUntilTimeout)
    i.UsageFault_Handler                     0x08001b68   Section        0  stm32f3xx_it.o(i.UsageFault_Handler)
    i.__0printf$5                            0x08001b6c   Section        0  printf5.o(i.__0printf$5)
    i.__scatterload_copy                     0x08001b8c   Section       14  handlers.o(i.__scatterload_copy)
    i.__scatterload_null                     0x08001b9a   Section        2  handlers.o(i.__scatterload_null)
    i.__scatterload_zeroinit                 0x08001b9c   Section       14  handlers.o(i.__scatterload_zeroinit)
    i._printf_core                           0x08001bac   Section        0  printf5.o(i._printf_core)
    _printf_core                             0x08001bad   Thumb Code   658  printf5.o(i._printf_core)
    i.ak4556_out                             0x08001e6c   Section        0  i2s.o(i.ak4556_out)
    i.debug_usart_init                       0x08001e88   Section        0  debug_usart2.o(i.debug_usart_init)
    i.fputc                                  0x08001f20   Section        0  debug_usart2.o(i.fputc)
    i.main                                   0x08001f3c   Section        0  main.o(i.main)
    i.nand_flash_init                        0x080020a0   Section        0  nand_flash.o(i.nand_flash_init)
    i.nand_flash_read_id                     0x080021a4   Section        0  nand_flash.o(i.nand_flash_read_id)
    i.nand_flash_reset                       0x08002290   Section        0  nand_flash.o(i.nand_flash_reset)
    i.nandflash_delay                        0x080022a0   Section        0  nand_flash.o(i.nandflash_delay)
    i.nandflash_io_din                       0x080022b0   Section        0  nand_flash.o(i.nandflash_io_din)
    i.nandflash_io_dout                      0x080022d0   Section        0  nand_flash.o(i.nandflash_io_dout)
    i.nandflash_read_byte                    0x080022fc   Section        0  nand_flash.o(i.nandflash_read_byte)
    i.nandflash_write_byte                   0x08002306   Section        0  nand_flash.o(i.nandflash_write_byte)
    .constdata                               0x08002316   Section       24  system_stm32f3xx.o(.constdata)
    .constdata                               0x0800232e   Section       32  stm32f3xx_hal_rcc.o(.constdata)
    .data                                    0x20000000   Section        4  system_stm32f3xx.o(.data)
    .data                                    0x20000004   Section        9  stm32f3xx_hal.o(.data)
    .data                                    0x20000010   Section       12  main.o(.data)
    .data                                    0x2000001c   Section        4  stdout.o(.data)
    .bss                                     0x20000020   Section      112  debug_usart2.o(.bss)
    .bss                                     0x20000090   Section     1156  i2s.o(.bss)
    .bss                                     0x20000514   Section     3062  main.o(.bss)
    STACK                                    0x20001110   Section     1024  startup_stm32f301x8.o(STACK)

    Global Symbols

    Symbol Name                              Value     Ov Type        Size  Object(Section)

    BuildAttributes$$THM_ISAv4$E$P$D$K$B$S$7EM$VFPi3$EXTD16$VFPS$VFMA$PE$A:L22UL41UL21$X:L11$S22US41US21$IEEE1$IW$USESV6$~STKCKD$USESV7$~SHL$OSPACE$ROPI$EBA8$MICROLIB$REQ8$PRES8$EABIv2 0x00000000   Number         0  anon$$obj.o ABSOLUTE
    __ARM_use_no_argv                        0x00000000   Number         0  main.o ABSOLUTE
    _printf_a                                0x00000000   Number         0  stubs.o ABSOLUTE
    _printf_c                                0x00000000   Number         0  stubs.o ABSOLUTE
    _printf_charcount                        0x00000000   Number         0  stubs.o ABSOLUTE
    _printf_d                                0x00000000   Number         0  stubs.o ABSOLUTE
    _printf_e                                0x00000000   Number         0  stubs.o ABSOLUTE
    _printf_f                                0x00000000   Number         0  stubs.o ABSOLUTE
    _printf_flags                            0x00000000   Number         0  stubs.o ABSOLUTE
    _printf_fp_dec                           0x00000000   Number         0  stubs.o ABSOLUTE
    _printf_fp_hex                           0x00000000   Number         0  stubs.o ABSOLUTE
    _printf_g                                0x00000000   Number         0  stubs.o ABSOLUTE
    _printf_i                                0x00000000   Number         0  stubs.o ABSOLUTE
    _printf_int_dec                          0x00000000   Number         0  stubs.o ABSOLUTE
    _printf_l                                0x00000000   Number         0  stubs.o ABSOLUTE
    _printf_lc                               0x00000000   Number         0  stubs.o ABSOLUTE
    _printf_ll                               0x00000000   Number         0  stubs.o ABSOLUTE
    _printf_lld                              0x00000000   Number         0  stubs.o ABSOLUTE
    _printf_lli                              0x00000000   Number         0  stubs.o ABSOLUTE
    _printf_llo                              0x00000000   Number         0  stubs.o ABSOLUTE
    _printf_llu                              0x00000000   Number         0  stubs.o ABSOLUTE
    _printf_llx                              0x00000000   Number         0  stubs.o ABSOLUTE
    _printf_longlong_dec                     0x00000000   Number         0  stubs.o ABSOLUTE
    _printf_longlong_hex                     0x00000000   Number         0  stubs.o ABSOLUTE
    _printf_longlong_oct                     0x00000000   Number         0  stubs.o ABSOLUTE
    _printf_ls                               0x00000000   Number         0  stubs.o ABSOLUTE
    _printf_mbtowc                           0x00000000   Number         0  stubs.o ABSOLUTE
    _printf_n                                0x00000000   Number         0  stubs.o ABSOLUTE
    _printf_o                                0x00000000   Number         0  stubs.o ABSOLUTE
    _printf_p                                0x00000000   Number         0  stubs.o ABSOLUTE
    _printf_percent                          0x00000000   Number         0  stubs.o ABSOLUTE
    _printf_pre_padding                      0x00000000   Number         0  stubs.o ABSOLUTE
    _printf_return_value                     0x00000000   Number         0  stubs.o ABSOLUTE
    _printf_s                                0x00000000   Number         0  stubs.o ABSOLUTE
    _printf_sizespec                         0x00000000   Number         0  stubs.o ABSOLUTE
    _printf_str                              0x00000000   Number         0  stubs.o ABSOLUTE
    _printf_truncate_signed                  0x00000000   Number         0  stubs.o ABSOLUTE
    _printf_truncate_unsigned                0x00000000   Number         0  stubs.o ABSOLUTE
    _printf_u                                0x00000000   Number         0  stubs.o ABSOLUTE
    _printf_wc                               0x00000000   Number         0  stubs.o ABSOLUTE
    _printf_wctomb                           0x00000000   Number         0  stubs.o ABSOLUTE
    _printf_widthprec                        0x00000000   Number         0  stubs.o ABSOLUTE
    _printf_x                                0x00000000   Number         0  stubs.o ABSOLUTE
    __cpp_initialize__aeabi_                  - Undefined Weak Reference
    __cxa_finalize                            - Undefined Weak Reference
    __decompress                              - Undefined Weak Reference
    _clock_init                               - Undefined Weak Reference
    _microlib_exit                            - Undefined Weak Reference
    __Vectors_Size                           0x00000188   Number         0  startup_stm32f301x8.o ABSOLUTE
    __Vectors                                0x08000000   Data           4  startup_stm32f301x8.o(RESET)
    __Vectors_End                            0x08000188   Data           0  startup_stm32f301x8.o(RESET)
    __main                                   0x08000189   Thumb Code     0  entry.o(.ARM.Collect$$$$00000000)
    _main_stk                                0x08000189   Thumb Code     0  entry2.o(.ARM.Collect$$$$00000001)
    _main_scatterload                        0x0800018d   Thumb Code     0  entry5.o(.ARM.Collect$$$$00000004)
    __main_after_scatterload                 0x08000191   Thumb Code     0  entry5.o(.ARM.Collect$$$$00000004)
    _main_clock                              0x08000191   Thumb Code     0  entry7b.o(.ARM.Collect$$$$00000008)
    _main_cpp_init                           0x08000191   Thumb Code     0  entry8b.o(.ARM.Collect$$$$0000000A)
    _main_init                               0x08000191   Thumb Code     0  entry9a.o(.ARM.Collect$$$$0000000B)
    __rt_final_cpp                           0x08000199   Thumb Code     0  entry10a.o(.ARM.Collect$$$$0000000D)
    __rt_final_exit                          0x08000199   Thumb Code     0  entry11a.o(.ARM.Collect$$$$0000000F)
    Reset_Handler                            0x0800019d   Thumb Code     8  startup_stm32f301x8.o(.text)
    ADC1_IRQHandler                          0x080001b7   Thumb Code     0  startup_stm32f301x8.o(.text)
    COMP2_IRQHandler                         0x080001b7   Thumb Code     0  startup_stm32f301x8.o(.text)
    COMP4_6_IRQHandler                       0x080001b7   Thumb Code     0  startup_stm32f301x8.o(.text)
    DMA1_Channel1_IRQHandler                 0x080001b7   Thumb Code     0  startup_stm32f301x8.o(.text)
    DMA1_Channel2_IRQHandler                 0x080001b7   Thumb Code     0  startup_stm32f301x8.o(.text)
    DMA1_Channel3_IRQHandler                 0x080001b7   Thumb Code     0  startup_stm32f301x8.o(.text)
    DMA1_Channel4_IRQHandler                 0x080001b7   Thumb Code     0  startup_stm32f301x8.o(.text)
    DMA1_Channel5_IRQHandler                 0x080001b7   Thumb Code     0  startup_stm32f301x8.o(.text)
    DMA1_Channel6_IRQHandler                 0x080001b7   Thumb Code     0  startup_stm32f301x8.o(.text)
    DMA1_Channel7_IRQHandler                 0x080001b7   Thumb Code     0  startup_stm32f301x8.o(.text)
    EXTI0_IRQHandler                         0x080001b7   Thumb Code     0  startup_stm32f301x8.o(.text)
    EXTI15_10_IRQHandler                     0x080001b7   Thumb Code     0  startup_stm32f301x8.o(.text)
    EXTI1_IRQHandler                         0x080001b7   Thumb Code     0  startup_stm32f301x8.o(.text)
    EXTI2_TSC_IRQHandler                     0x080001b7   Thumb Code     0  startup_stm32f301x8.o(.text)
    EXTI3_IRQHandler                         0x080001b7   Thumb Code     0  startup_stm32f301x8.o(.text)
    EXTI4_IRQHandler                         0x080001b7   Thumb Code     0  startup_stm32f301x8.o(.text)
    EXTI9_5_IRQHandler                       0x080001b7   Thumb Code     0  startup_stm32f301x8.o(.text)
    FLASH_IRQHandler                         0x080001b7   Thumb Code     0  startup_stm32f301x8.o(.text)
    FPU_IRQHandler                           0x080001b7   Thumb Code     0  startup_stm32f301x8.o(.text)
    I2C1_ER_IRQHandler                       0x080001b7   Thumb Code     0  startup_stm32f301x8.o(.text)
    I2C1_EV_IRQHandler                       0x080001b7   Thumb Code     0  startup_stm32f301x8.o(.text)
    I2C2_ER_IRQHandler                       0x080001b7   Thumb Code     0  startup_stm32f301x8.o(.text)
    I2C2_EV_IRQHandler                       0x080001b7   Thumb Code     0  startup_stm32f301x8.o(.text)
    I2C3_ER_IRQHandler                       0x080001b7   Thumb Code     0  startup_stm32f301x8.o(.text)
    I2C3_EV_IRQHandler                       0x080001b7   Thumb Code     0  startup_stm32f301x8.o(.text)
    PVD_IRQHandler                           0x080001b7   Thumb Code     0  startup_stm32f301x8.o(.text)
    RCC_IRQHandler                           0x080001b7   Thumb Code     0  startup_stm32f301x8.o(.text)
    RTC_Alarm_IRQHandler                     0x080001b7   Thumb Code     0  startup_stm32f301x8.o(.text)
    RTC_WKUP_IRQHandler                      0x080001b7   Thumb Code     0  startup_stm32f301x8.o(.text)
    SPI2_IRQHandler                          0x080001b7   Thumb Code     0  startup_stm32f301x8.o(.text)
    SPI3_IRQHandler                          0x080001b7   Thumb Code     0  startup_stm32f301x8.o(.text)
    TAMP_STAMP_IRQHandler                    0x080001b7   Thumb Code     0  startup_stm32f301x8.o(.text)
    TIM1_BRK_TIM15_IRQHandler                0x080001b7   Thumb Code     0  startup_stm32f301x8.o(.text)
    TIM1_CC_IRQHandler                       0x080001b7   Thumb Code     0  startup_stm32f301x8.o(.text)
    TIM1_TRG_COM_TIM17_IRQHandler            0x080001b7   Thumb Code     0  startup_stm32f301x8.o(.text)
    TIM1_UP_TIM16_IRQHandler                 0x080001b7   Thumb Code     0  startup_stm32f301x8.o(.text)
    TIM2_IRQHandler                          0x080001b7   Thumb Code     0  startup_stm32f301x8.o(.text)
    TIM6_DAC_IRQHandler                      0x080001b7   Thumb Code     0  startup_stm32f301x8.o(.text)
    USART1_IRQHandler                        0x080001b7   Thumb Code     0  startup_stm32f301x8.o(.text)
    USART2_IRQHandler                        0x080001b7   Thumb Code     0  startup_stm32f301x8.o(.text)
    USART3_IRQHandler                        0x080001b7   Thumb Code     0  startup_stm32f301x8.o(.text)
    WWDG_IRQHandler                          0x080001b7   Thumb Code     0  startup_stm32f301x8.o(.text)
    __aeabi_llsr                             0x080001c1   Thumb Code    32  llushr.o(.text)
    _ll_ushift_r                             0x080001c1   Thumb Code     0  llushr.o(.text)
    __aeabi_uldivmod                         0x080001e1   Thumb Code    98  uldiv.o(.text)
    __scatterload                            0x08000245   Thumb Code    28  init.o(.text)
    __scatterload_rt2                        0x08000245   Thumb Code     0  init.o(.text)
    __aeabi_llsl                             0x08000269   Thumb Code    30  llshl.o(.text)
    _ll_shift_l                              0x08000269   Thumb Code     0  llshl.o(.text)
    BusFault_Handler                         0x08000287   Thumb Code     4  stm32f3xx_it.o(i.BusFault_Handler)
    DebugMon_Handler                         0x0800028b   Thumb Code     2  stm32f3xx_it.o(i.DebugMon_Handler)
    HAL_Delay                                0x0800028d   Thumb Code    36  stm32f3xx_hal.o(i.HAL_Delay)
    HAL_GPIO_Init                            0x080002b5   Thumb Code   422  stm32f3xx_hal_gpio.o(i.HAL_GPIO_Init)
    HAL_GPIO_WritePin                        0x08000475   Thumb Code    10  stm32f3xx_hal_gpio.o(i.HAL_GPIO_WritePin)
    HAL_GetTick                              0x08000481   Thumb Code     6  stm32f3xx_hal.o(i.HAL_GetTick)
    HAL_I2S_ErrorCallback                    0x0800048d   Thumb Code     2  stm32f3xx_hal_i2s.o(i.HAL_I2S_ErrorCallback)
    HAL_I2S_Transmit                         0x0800048f   Thumb Code   260  stm32f3xx_hal_i2s.o(i.HAL_I2S_Transmit)
    HAL_IncTick                              0x08000595   Thumb Code    16  stm32f3xx_hal.o(i.HAL_IncTick)
    HAL_Init                                 0x080005ad   Thumb Code    34  stm32f3xx_hal.o(i.HAL_Init)
    HAL_InitTick                             0x080005d5   Thumb Code    64  stm32f3xx_hal.o(i.HAL_InitTick)
    HAL_MspInit                              0x08000621   Thumb Code     2  stm32f3xx_hal_msp.o(i.HAL_MspInit)
    HAL_NVIC_SetPriority                     0x08000623   Thumb Code   124  stm32f3xx_hal_cortex.o(i.HAL_NVIC_SetPriority)
    HAL_NVIC_SetPriorityGrouping             0x080006a1   Thumb Code    32  stm32f3xx_hal_cortex.o(i.HAL_NVIC_SetPriorityGrouping)
    HAL_RCC_ClockConfig                      0x080006c9   Thumb Code   662  stm32f3xx_hal_rcc.o(i.HAL_RCC_ClockConfig)
    HAL_RCC_GetHCLKFreq                      0x08000971   Thumb Code     6  stm32f3xx_hal_rcc.o(i.HAL_RCC_GetHCLKFreq)
    HAL_RCC_GetPCLK1Freq                     0x0800097d   Thumb Code    36  stm32f3xx_hal_rcc.o(i.HAL_RCC_GetPCLK1Freq)
    HAL_RCC_GetPCLK2Freq                     0x080009a9   Thumb Code    36  stm32f3xx_hal_rcc.o(i.HAL_RCC_GetPCLK2Freq)
    HAL_RCC_GetSysClockFreq                  0x080009d5   Thumb Code   120  stm32f3xx_hal_rcc.o(i.HAL_RCC_GetSysClockFreq)
    HAL_RCC_OscConfig                        0x08000a61   Thumb Code  2554  stm32f3xx_hal_rcc.o(i.HAL_RCC_OscConfig)
    HAL_SYSTICK_Config                       0x08001465   Thumb Code    52  stm32f3xx_hal_cortex.o(i.HAL_SYSTICK_Config)
    HAL_UART_Init                            0x08001499   Thumb Code   120  stm32f3xx_hal_uart.o(i.HAL_UART_Init)
    HAL_UART_MspInit                         0x08001511   Thumb Code     2  stm32f3xx_hal_uart.o(i.HAL_UART_MspInit)
    HAL_UART_Transmit                        0x08001513   Thumb Code   198  stm32f3xx_hal_uart.o(i.HAL_UART_Transmit)
    HardFault_Handler                        0x080015d9   Thumb Code     4  stm32f3xx_it.o(i.HardFault_Handler)
    MemManage_Handler                        0x08001671   Thumb Code     4  stm32f3xx_it.o(i.MemManage_Handler)
    NMI_Handler                              0x08001675   Thumb Code     2  stm32f3xx_it.o(i.NMI_Handler)
    PendSV_Handler                           0x080016b1   Thumb Code     2  stm32f3xx_it.o(i.PendSV_Handler)
    SVC_Handler                              0x080016b3   Thumb Code     2  stm32f3xx_it.o(i.SVC_Handler)
    SysTick_Handler                          0x080016b5   Thumb Code     8  stm32f3xx_it.o(i.SysTick_Handler)
    SystemInit                               0x08001705   Thumb Code   104  system_stm32f3xx.o(i.SystemInit)
    UART_AdvFeatureConfig                    0x08001781   Thumb Code   248  stm32f3xx_hal_uart.o(i.UART_AdvFeatureConfig)
    UART_CheckIdleState                      0x08001879   Thumb Code   116  stm32f3xx_hal_uart.o(i.UART_CheckIdleState)
    UART_SetConfig                           0x080018ed   Thumb Code   498  stm32f3xx_hal_uart.o(i.UART_SetConfig)
    UART_WaitOnFlagUntilTimeout              0x08001afd   Thumb Code   108  stm32f3xx_hal_uart.o(i.UART_WaitOnFlagUntilTimeout)
    UsageFault_Handler                       0x08001b69   Thumb Code     4  stm32f3xx_it.o(i.UsageFault_Handler)
    __0printf$5                              0x08001b6d   Thumb Code    22  printf5.o(i.__0printf$5)
    __1printf$5                              0x08001b6d   Thumb Code     0  printf5.o(i.__0printf$5)
    __2printf                                0x08001b6d   Thumb Code     0  printf5.o(i.__0printf$5)
    __scatterload_copy                       0x08001b8d   Thumb Code    14  handlers.o(i.__scatterload_copy)
    __scatterload_null                       0x08001b9b   Thumb Code     2  handlers.o(i.__scatterload_null)
    __scatterload_zeroinit                   0x08001b9d   Thumb Code    14  handlers.o(i.__scatterload_zeroinit)
    ak4556_out                               0x08001e6d   Thumb Code    22  i2s.o(i.ak4556_out)
    debug_usart_init                         0x08001e89   Thumb Code   140  debug_usart2.o(i.debug_usart_init)
    fputc                                    0x08001f21   Thumb Code    22  debug_usart2.o(i.fputc)
    main                                     0x08001f3d   Thumb Code   142  main.o(i.main)
    nand_flash_init                          0x080020a1   Thumb Code   252  nand_flash.o(i.nand_flash_init)
    nand_flash_read_id                       0x080021a5   Thumb Code   232  nand_flash.o(i.nand_flash_read_id)
    nand_flash_reset                         0x08002291   Thumb Code    12  nand_flash.o(i.nand_flash_reset)
    nandflash_delay                          0x080022a1   Thumb Code    14  nand_flash.o(i.nandflash_delay)
    nandflash_io_din                         0x080022b1   Thumb Code    28  nand_flash.o(i.nandflash_io_din)
    nandflash_io_dout                        0x080022d1   Thumb Code    40  nand_flash.o(i.nandflash_io_dout)
    nandflash_read_byte                      0x080022fd   Thumb Code    10  nand_flash.o(i.nandflash_read_byte)
    nandflash_write_byte                     0x08002307   Thumb Code    16  nand_flash.o(i.nandflash_write_byte)
    AHBPrescTable                            0x08002316   Data          16  system_stm32f3xx.o(.constdata)
    APBPrescTable                            0x08002326   Data           8  system_stm32f3xx.o(.constdata)
    aPLLMULFactorTable                       0x0800232e   Data          16  stm32f3xx_hal_rcc.o(.constdata)
    aPredivFactorTable                       0x0800233e   Data          16  stm32f3xx_hal_rcc.o(.constdata)
    Region$$Table$$Base                      0x08002350   Number         0  anon$$obj.o(Region$$Table)
    Region$$Table$$Limit                     0x08002370   Number         0  anon$$obj.o(Region$$Table)
    SystemCoreClock                          0x20000000   Data           4  system_stm32f3xx.o(.data)
    uwTick                                   0x20000004   Data           4  stm32f3xx_hal.o(.data)
    uwTickPrio                               0x20000008   Data           4  stm32f3xx_hal.o(.data)
    uwTickFreq                               0x2000000c   Data           1  stm32f3xx_hal.o(.data)
    ID_buff                                  0x20000010   Data           8  main.o(.data)
    i                                        0x20000018   Data           4  main.o(.data)
    __stdout                                 0x2000001c   Data           4  stdout.o(.data)
    debug_uart2                              0x20000020   Data         112  debug_usart2.o(.bss)
    hi2s                                     0x20000090   Data          68  i2s.o(.bss)
    hdma_spi2_rx                             0x200000d4   Data          68  i2s.o(.bss)
    loop_rec                                 0x20000118   Data        1020  i2s.o(.bss)
    nand_flash_read_str                      0x20000514   Data         255  main.o(.bss)
    nand_flash_ecc_str                       0x20000613   Data         255  main.o(.bss)
    data_write                               0x20000714   Data        1020  main.o(.bss)
    data_read                                0x20000b10   Data        1020  main.o(.bss)
    music                                    0x20000f0c   Data         510  main.o(.bss)
    __initial_sp                             0x20001510   Data           0  startup_stm32f301x8.o(STACK)



==============================================================================

Memory Map of the image

  Image Entry point : 0x08000189

  Load Region LR_IROM1 (Base: 0x08000000, Size: 0x00002390, Max: 0x00008000, ABSOLUTE)

    Execution Region ER_IROM1 (Exec base: 0x08000000, Load base: 0x08000000, Size: 0x00002370, Max: 0x00008000, ABSOLUTE)

    Exec Addr    Load Addr    Size         Type   Attr      Idx    E Section Name        Object

    0x08000000   0x08000000   0x00000188   Data   RO            3    RESET               startup_stm32f301x8.o
    0x08000188   0x08000188   0x00000000   Code   RO         6239  * .ARM.Collect$$$$00000000  mc_w.l(entry.o)
    0x08000188   0x08000188   0x00000004   Code   RO         6509    .ARM.Collect$$$$00000001  mc_w.l(entry2.o)
    0x0800018c   0x0800018c   0x00000004   Code   RO         6512    .ARM.Collect$$$$00000004  mc_w.l(entry5.o)
    0x08000190   0x08000190   0x00000000   Code   RO         6514    .ARM.Collect$$$$00000008  mc_w.l(entry7b.o)
    0x08000190   0x08000190   0x00000000   Code   RO         6516    .ARM.Collect$$$$0000000A  mc_w.l(entry8b.o)
    0x08000190   0x08000190   0x00000008   Code   RO         6517    .ARM.Collect$$$$0000000B  mc_w.l(entry9a.o)
    0x08000198   0x08000198   0x00000000   Code   RO         6519    .ARM.Collect$$$$0000000D  mc_w.l(entry10a.o)
    0x08000198   0x08000198   0x00000000   Code   RO         6521    .ARM.Collect$$$$0000000F  mc_w.l(entry11a.o)
    0x08000198   0x08000198   0x00000004   Code   RO         6510    .ARM.Collect$$$$00002712  mc_w.l(entry2.o)
    0x0800019c   0x0800019c   0x00000024   Code   RO            4    .text               startup_stm32f301x8.o
    0x080001c0   0x080001c0   0x00000020   Code   RO         6242    .text               mc_w.l(llushr.o)
    0x080001e0   0x080001e0   0x00000062   Code   RO         6526    .text               mc_w.l(uldiv.o)
    0x08000242   0x08000242   0x00000002   PAD
    0x08000244   0x08000244   0x00000024   Code   RO         6539    .text               mc_w.l(init.o)
    0x08000268   0x08000268   0x0000001e   Code   RO         6541    .text               mc_w.l(llshl.o)
    0x08000286   0x08000286   0x00000004   Code   RO         6163    i.BusFault_Handler  stm32f3xx_it.o
    0x0800028a   0x0800028a   0x00000002   Code   RO         6164    i.DebugMon_Handler  stm32f3xx_it.o
    0x0800028c   0x0800028c   0x00000028   Code   RO          241    i.HAL_Delay         stm32f3xx_hal.o
    0x080002b4   0x080002b4   0x000001c0   Code   RO         1737    i.HAL_GPIO_Init     stm32f3xx_hal_gpio.o
    0x08000474   0x08000474   0x0000000a   Code   RO         1741    i.HAL_GPIO_WritePin  stm32f3xx_hal_gpio.o
    0x0800047e   0x0800047e   0x00000002   PAD
    0x08000480   0x08000480   0x0000000c   Code   RO          245    i.HAL_GetTick       stm32f3xx_hal.o
    0x0800048c   0x0800048c   0x00000002   Code   RO         2298    i.HAL_I2S_ErrorCallback  stm32f3xx_hal_i2s.o
    0x0800048e   0x0800048e   0x00000104   Code   RO         2310    i.HAL_I2S_Transmit  stm32f3xx_hal_i2s.o
    0x08000592   0x08000592   0x00000002   PAD
    0x08000594   0x08000594   0x00000018   Code   RO          251    i.HAL_IncTick       stm32f3xx_hal.o
    0x080005ac   0x080005ac   0x00000028   Code   RO          252    i.HAL_Init          stm32f3xx_hal.o
    0x080005d4   0x080005d4   0x0000004c   Code   RO          253    i.HAL_InitTick      stm32f3xx_hal.o
    0x08000620   0x08000620   0x00000002   Code   RO         6130    i.HAL_MspInit       stm32f3xx_hal_msp.o
    0x08000622   0x08000622   0x0000007c   Code   RO          960    i.HAL_NVIC_SetPriority  stm32f3xx_hal_cortex.o
    0x0800069e   0x0800069e   0x00000002   PAD
    0x080006a0   0x080006a0   0x00000028   Code   RO          961    i.HAL_NVIC_SetPriorityGrouping  stm32f3xx_hal_cortex.o
    0x080006c8   0x080006c8   0x000002a8   Code   RO         3067    i.HAL_RCC_ClockConfig  stm32f3xx_hal_rcc.o
    0x08000970   0x08000970   0x0000000c   Code   RO         3072    i.HAL_RCC_GetHCLKFreq  stm32f3xx_hal_rcc.o
    0x0800097c   0x0800097c   0x0000002c   Code   RO         3074    i.HAL_RCC_GetPCLK1Freq  stm32f3xx_hal_rcc.o
    0x080009a8   0x080009a8   0x0000002c   Code   RO         3075    i.HAL_RCC_GetPCLK2Freq  stm32f3xx_hal_rcc.o
    0x080009d4   0x080009d4   0x0000008c   Code   RO         3076    i.HAL_RCC_GetSysClockFreq  stm32f3xx_hal_rcc.o
    0x08000a60   0x08000a60   0x00000a04   Code   RO         3079    i.HAL_RCC_OscConfig  stm32f3xx_hal_rcc.o
    0x08001464   0x08001464   0x00000034   Code   RO          965    i.HAL_SYSTICK_Config  stm32f3xx_hal_cortex.o
    0x08001498   0x08001498   0x00000078   Code   RO         5083    i.HAL_UART_Init     stm32f3xx_hal_uart.o
    0x08001510   0x08001510   0x00000002   Code   RO         5085    i.HAL_UART_MspInit  stm32f3xx_hal_uart.o
    0x08001512   0x08001512   0x000000c6   Code   RO         5091    i.HAL_UART_Transmit  stm32f3xx_hal_uart.o
    0x080015d8   0x080015d8   0x00000004   Code   RO         6165    i.HardFault_Handler  stm32f3xx_it.o
    0x080015dc   0x080015dc   0x00000094   Code   RO         2322    i.I2S_WaitFlagStateUntilTimeout  stm32f3xx_hal_i2s.o
    0x08001670   0x08001670   0x00000004   Code   RO         6166    i.MemManage_Handler  stm32f3xx_it.o
    0x08001674   0x08001674   0x00000002   Code   RO         6167    i.NMI_Handler       stm32f3xx_it.o
    0x08001676   0x08001676   0x00000002   PAD
    0x08001678   0x08001678   0x00000010   Code   RO          967    i.NVIC_GetPriorityGrouping  stm32f3xx_hal_cortex.o
    0x08001688   0x08001688   0x00000028   Code   RO          968    i.NVIC_SetPriority  stm32f3xx_hal_cortex.o
    0x080016b0   0x080016b0   0x00000002   Code   RO         6168    i.PendSV_Handler    stm32f3xx_it.o
    0x080016b2   0x080016b2   0x00000002   Code   RO         6169    i.SVC_Handler       stm32f3xx_it.o
    0x080016b4   0x080016b4   0x00000008   Code   RO         6170    i.SysTick_Handler   stm32f3xx_it.o
    0x080016bc   0x080016bc   0x00000046   Code   RO         6091    i.SystemClock_Config  main.o
    0x08001702   0x08001702   0x00000002   PAD
    0x08001704   0x08001704   0x0000007c   Code   RO           14    i.SystemInit        system_stm32f3xx.o
    0x08001780   0x08001780   0x000000f8   Code   RO         5096    i.UART_AdvFeatureConfig  stm32f3xx_hal_uart.o
    0x08001878   0x08001878   0x00000074   Code   RO         5097    i.UART_CheckIdleState  stm32f3xx_hal_uart.o
    0x080018ec   0x080018ec   0x00000210   Code   RO         5112    i.UART_SetConfig    stm32f3xx_hal_uart.o
    0x08001afc   0x08001afc   0x0000006c   Code   RO         5114    i.UART_WaitOnFlagUntilTimeout  stm32f3xx_hal_uart.o
    0x08001b68   0x08001b68   0x00000004   Code   RO         6171    i.UsageFault_Handler  stm32f3xx_it.o
    0x08001b6c   0x08001b6c   0x00000020   Code   RO         6381    i.__0printf$5       mc_w.l(printf5.o)
    0x08001b8c   0x08001b8c   0x0000000e   Code   RO         6549    i.__scatterload_copy  mc_w.l(handlers.o)
    0x08001b9a   0x08001b9a   0x00000002   Code   RO         6550    i.__scatterload_null  mc_w.l(handlers.o)
    0x08001b9c   0x08001b9c   0x0000000e   Code   RO         6551    i.__scatterload_zeroinit  mc_w.l(handlers.o)
    0x08001baa   0x08001baa   0x00000002   PAD
    0x08001bac   0x08001bac   0x000002c0   Code   RO         6388    i._printf_core      mc_w.l(printf5.o)
    0x08001e6c   0x08001e6c   0x0000001c   Code   RO         5864    i.ak4556_out        i2s.o
    0x08001e88   0x08001e88   0x00000098   Code   RO         5801    i.debug_usart_init  debug_usart2.o
    0x08001f20   0x08001f20   0x0000001c   Code   RO         5803    i.fputc             debug_usart2.o
    0x08001f3c   0x08001f3c   0x00000164   Code   RO         6092    i.main              main.o
    0x080020a0   0x080020a0   0x00000104   Code   RO         5999    i.nand_flash_init   nand_flash.o
    0x080021a4   0x080021a4   0x000000ec   Code   RO         6000    i.nand_flash_read_id  nand_flash.o
    0x08002290   0x08002290   0x00000010   Code   RO         6001    i.nand_flash_reset  nand_flash.o
    0x080022a0   0x080022a0   0x0000000e   Code   RO         6004    i.nandflash_delay   nand_flash.o
    0x080022ae   0x080022ae   0x00000002   PAD
    0x080022b0   0x080022b0   0x00000020   Code   RO         6005    i.nandflash_io_din  nand_flash.o
    0x080022d0   0x080022d0   0x0000002c   Code   RO         6006    i.nandflash_io_dout  nand_flash.o
    0x080022fc   0x080022fc   0x0000000a   Code   RO         6007    i.nandflash_read_byte  nand_flash.o
    0x08002306   0x08002306   0x00000010   Code   RO         6008    i.nandflash_write_byte  nand_flash.o
    0x08002316   0x08002316   0x00000018   Data   RO           15    .constdata          system_stm32f3xx.o
    0x0800232e   0x0800232e   0x00000020   Data   RO         3080    .constdata          stm32f3xx_hal_rcc.o
    0x0800234e   0x0800234e   0x00000002   PAD
    0x08002350   0x08002350   0x00000020   Data   RO         6547    Region$$Table       anon$$obj.o


    Execution Region RW_IRAM1 (Exec base: 0x20000000, Load base: 0x08002370, Size: 0x00001510, Max: 0x00003000, ABSOLUTE)

    Exec Addr    Load Addr    Size         Type   Attr      Idx    E Section Name        Object

    0x20000000   0x08002370   0x00000004   Data   RW           16    .data               system_stm32f3xx.o
    0x20000004   0x08002374   0x00000009   Data   RW          259    .data               stm32f3xx_hal.o
    0x2000000d   0x0800237d   0x00000003   PAD
    0x20000010   0x08002380   0x0000000c   Data   RW         6094    .data               main.o
    0x2000001c   0x0800238c   0x00000004   Data   RW         6523    .data               mc_w.l(stdout.o)
    0x20000020        -       0x00000070   Zero   RW         5804    .bss                debug_usart2.o
    0x20000090        -       0x00000484   Zero   RW         5865    .bss                i2s.o
    0x20000514        -       0x00000bf6   Zero   RW         6093    .bss                main.o
    0x2000110a   0x08002390   0x00000006   PAD
    0x20001110        -       0x00000400   Zero   RW            1    STACK               startup_stm32f301x8.o


==============================================================================

Image component sizes


      Code (inc. data)   RO Data    RW Data    ZI Data      Debug   Object Name

       180         18          0          0        112       3185   debug_usart2.o
        28          6          0          0       1156       1266   i2s.o
       426        214          0         12       3062       2179   main.o
       628         24          0          0          0       5404   nand_flash.o
        36          8        392          0       1024        884   startup_stm32f301x8.o
       192         36          0          9          0      11917   stm32f3xx_hal.o
       272         22          0          0          0      28534   stm32f3xx_hal_cortex.o
       458         26          0          0          0       2368   stm32f3xx_hal_gpio.o
       410          0          0          0          0       2923   stm32f3xx_hal_i2s.o
         2          0          0          0          0        470   stm32f3xx_hal_msp.o
      3484         92         32          0          0       6448   stm32f3xx_hal_rcc.o
      1320         30          0          0          0       6152   stm32f3xx_hal_uart.o
        32          0          0          0          0       4282   stm32f3xx_it.o
       124         20         24          4          0     345419   system_stm32f3xx.o

    ----------------------------------------------------------------------
      7604        496        482         28       5360     421431   Object Totals
         0          0         32          0          0          0   (incl. Generated)
        12          0          2          3          6          0   (incl. Padding)

    ----------------------------------------------------------------------

      Code (inc. data)   RO Data    RW Data    ZI Data      Debug   Library Member Name

         0          0          0          0          0          0   entry.o
         0          0          0          0          0          0   entry10a.o
         0          0          0          0          0          0   entry11a.o
         8          4          0          0          0          0   entry2.o
         4          0          0          0          0          0   entry5.o
         0          0          0          0          0          0   entry7b.o
         0          0          0          0          0          0   entry8b.o
         8          4          0          0          0          0   entry9a.o
        30          0          0          0          0          0   handlers.o
        36          8          0          0          0         68   init.o
        30          0          0          0          0         68   llshl.o
        32          0          0          0          0         68   llushr.o
       736         56          0          0          0        184   printf5.o
         0          0          0          4          0          0   stdout.o
        98          0          0          0          0         92   uldiv.o

    ----------------------------------------------------------------------
       986         72          0          4          0        480   Library Totals
         4          0          0          0          0          0   (incl. Padding)

    ----------------------------------------------------------------------

      Code (inc. data)   RO Data    RW Data    ZI Data      Debug   Library Name

       982         72          0          4          0        480   mc_w.l

    ----------------------------------------------------------------------
       986         72          0          4          0        480   Library Totals

    ----------------------------------------------------------------------

==============================================================================


      Code (inc. data)   RO Data    RW Data    ZI Data      Debug   

      8590        568        482         32       5360     417359   Grand Totals
      8590        568        482         32       5360     417359   ELF Image Totals
      8590        568        482         32          0          0   ROM Totals

==============================================================================

    Total RO  Size (Code + RO Data)                 9072 (   8.86kB)
    Total RW  Size (RW Data + ZI Data)              5392 (   5.27kB)
    Total ROM Size (Code + RO Data + RW Data)       9104 (   8.89kB)

==============================================================================

