###############################################################################
#
# IAR ELF Linker V8.30.1.114/W32 for ARM                  23/Apr/2019  14:34:06
# Copyright 2007-2018 IAR Systems AB.
#
#    Output file  =  
#        G:\sola_desktop\git\Â¼ÒôÆ÷\project\IAR\Debug\Exe\loopmodule.out
#    Map file     =  
#        G:\sola_desktop\git\Â¼ÒôÆ÷\project\IAR\Debug\List\loopmodule.map
#    Command line =  
#        -f C:\Users\sola\AppData\Local\Temp\EW6DBD.tmp
#        (G:\sola_desktop\git\Â¼ÒôÆ÷\project\IAR\Debug\Obj\adc_b45k.o
#        G:\sola_desktop\git\Â¼ÒôÆ÷\project\IAR\Debug\Obj\debug_usart2.o
#        G:\sola_desktop\git\Â¼ÒôÆ÷\project\IAR\Debug\Obj\i2s.o
#        G:\sola_desktop\git\Â¼ÒôÆ÷\project\IAR\Debug\Obj\key.o
#        G:\sola_desktop\git\Â¼ÒôÆ÷\project\IAR\Debug\Obj\led.o
#        G:\sola_desktop\git\Â¼ÒôÆ÷\project\IAR\Debug\Obj\main.o
#        G:\sola_desktop\git\Â¼ÒôÆ÷\project\IAR\Debug\Obj\nand_flash.o
#        G:\sola_desktop\git\Â¼ÒôÆ÷\project\IAR\Debug\Obj\startup_stm32f301x8.o
#        G:\sola_desktop\git\Â¼ÒôÆ÷\project\IAR\Debug\Obj\stm32f3xx_hal.o
#        G:\sola_desktop\git\Â¼ÒôÆ÷\project\IAR\Debug\Obj\stm32f3xx_hal_adc.o
#        G:\sola_desktop\git\Â¼ÒôÆ÷\project\IAR\Debug\Obj\stm32f3xx_hal_adc_ex.o
#        G:\sola_desktop\git\Â¼ÒôÆ÷\project\IAR\Debug\Obj\stm32f3xx_hal_comp.o
#        G:\sola_desktop\git\Â¼ÒôÆ÷\project\IAR\Debug\Obj\stm32f3xx_hal_cortex.o
#        G:\sola_desktop\git\Â¼ÒôÆ÷\project\IAR\Debug\Obj\stm32f3xx_hal_crc.o
#        G:\sola_desktop\git\Â¼ÒôÆ÷\project\IAR\Debug\Obj\stm32f3xx_hal_crc_ex.o
#        G:\sola_desktop\git\Â¼ÒôÆ÷\project\IAR\Debug\Obj\stm32f3xx_hal_dac_ex.o
#        G:\sola_desktop\git\Â¼ÒôÆ÷\project\IAR\Debug\Obj\stm32f3xx_hal_dma.o
#        G:\sola_desktop\git\Â¼ÒôÆ÷\project\IAR\Debug\Obj\stm32f3xx_hal_flash.o
#        G:\sola_desktop\git\Â¼ÒôÆ÷\project\IAR\Debug\Obj\stm32f3xx_hal_flash_ex.o
#        G:\sola_desktop\git\Â¼ÒôÆ÷\project\IAR\Debug\Obj\stm32f3xx_hal_gpio.o
#        G:\sola_desktop\git\Â¼ÒôÆ÷\project\IAR\Debug\Obj\stm32f3xx_hal_i2c.o
#        G:\sola_desktop\git\Â¼ÒôÆ÷\project\IAR\Debug\Obj\stm32f3xx_hal_i2c_ex.o
#        G:\sola_desktop\git\Â¼ÒôÆ÷\project\IAR\Debug\Obj\stm32f3xx_hal_i2s.o
#        G:\sola_desktop\git\Â¼ÒôÆ÷\project\IAR\Debug\Obj\stm32f3xx_hal_i2s_ex.o
#        G:\sola_desktop\git\Â¼ÒôÆ÷\project\IAR\Debug\Obj\stm32f3xx_hal_irda.o
#        G:\sola_desktop\git\Â¼ÒôÆ÷\project\IAR\Debug\Obj\stm32f3xx_hal_msp.o
#        G:\sola_desktop\git\Â¼ÒôÆ÷\project\IAR\Debug\Obj\stm32f3xx_hal_pwr.o
#        G:\sola_desktop\git\Â¼ÒôÆ÷\project\IAR\Debug\Obj\stm32f3xx_hal_pwr_ex.o
#        G:\sola_desktop\git\Â¼ÒôÆ÷\project\IAR\Debug\Obj\stm32f3xx_hal_rcc.o
#        G:\sola_desktop\git\Â¼ÒôÆ÷\project\IAR\Debug\Obj\stm32f3xx_hal_rcc_ex.o
#        G:\sola_desktop\git\Â¼ÒôÆ÷\project\IAR\Debug\Obj\stm32f3xx_hal_rtc.o
#        G:\sola_desktop\git\Â¼ÒôÆ÷\project\IAR\Debug\Obj\stm32f3xx_hal_rtc_ex.o
#        G:\sola_desktop\git\Â¼ÒôÆ÷\project\IAR\Debug\Obj\stm32f3xx_hal_spi.o
#        G:\sola_desktop\git\Â¼ÒôÆ÷\project\IAR\Debug\Obj\stm32f3xx_hal_spi_ex.o
#        G:\sola_desktop\git\Â¼ÒôÆ÷\project\IAR\Debug\Obj\stm32f3xx_hal_sram.o
#        G:\sola_desktop\git\Â¼ÒôÆ÷\project\IAR\Debug\Obj\stm32f3xx_hal_tim.o
#        G:\sola_desktop\git\Â¼ÒôÆ÷\project\IAR\Debug\Obj\stm32f3xx_hal_tim_ex.o
#        G:\sola_desktop\git\Â¼ÒôÆ÷\project\IAR\Debug\Obj\stm32f3xx_hal_tsc.o
#        G:\sola_desktop\git\Â¼ÒôÆ÷\project\IAR\Debug\Obj\stm32f3xx_hal_uart.o
#        G:\sola_desktop\git\Â¼ÒôÆ÷\project\IAR\Debug\Obj\stm32f3xx_hal_uart_ex.o
#        G:\sola_desktop\git\Â¼ÒôÆ÷\project\IAR\Debug\Obj\stm32f3xx_hal_usart.o
#        G:\sola_desktop\git\Â¼ÒôÆ÷\project\IAR\Debug\Obj\stm32f3xx_hal_wwdg.o
#        G:\sola_desktop\git\Â¼ÒôÆ÷\project\IAR\Debug\Obj\stm32f3xx_it.o
#        G:\sola_desktop\git\Â¼ÒôÆ÷\project\IAR\Debug\Obj\system_stm32f3xx.o
#        --no_out_extension -o
#        G:\sola_desktop\git\Â¼ÒôÆ÷\project\IAR\Debug\Exe\loopmodule.out
#        --map
#        G:\sola_desktop\git\Â¼ÒôÆ÷\project\IAR\Debug\List\loopmodule.map
#        --config "D:\Program Files (x86)\IAR Systems\Embedded Workbench
#        8.1\arm\config\linker\ST\stm32f301x6.icf" --semihosting --entry
#        __iar_program_start --vfe --text_out locale)
#
###############################################################################

*******************************************************************************
*** RUNTIME MODEL ATTRIBUTES
***

CppFlavor       = *
__SystemLibrary = DLib
__dlib_version  = 6


*******************************************************************************
*** HEAP SELECTION
***

The basic heap was selected because no calls to memory allocation
functions were found in the application outside of system library
functions, and there are calls to deallocation functions in the
application.


*******************************************************************************
*** PLACEMENT SUMMARY
***

"A0":  place at 0x800'0000 { ro section .intvec };
"P1":  place in [from 0x800'0000 to 0x800'7fff] { ro };
define block CSTACK with size = 1K, alignment = 8 { };
define block HEAP with size = 2K, alignment = 8 { };
"P2":  place in [from 0x2000'0000 to 0x2000'3fff] {
          rw, block CSTACK, block HEAP };
initialize by copy { rw };

  Section            Kind         Address    Size  Object
  -------            ----         -------    ----  ------
"A0":                                       0x188
  .intvec            ro code   0x800'0000   0x188  startup_stm32f301x8.o [1]
                             - 0x800'0188   0x188

"P1":                                      0x1bca
  .text              ro code   0x800'0188   0x988  stm32f3xx_hal_rcc.o [1]
  .text              ro code   0x800'0b10     0xc  stm32f3xx_hal.o [1]
  .text              ro code   0x800'0b1c    0x4c  stm32f3xx_hal.o [1]
  .text              ro code   0x800'0b68   0x100  stm32f3xx_hal_cortex.o [1]
  .text              ro code   0x800'0c68   0x4e4  stm32f3xx_hal_uart.o [1]
  .text              ro code   0x800'114c   0x27c  nand_flash.o [1]
  .text              ro code   0x800'13c8   0x1e0  stm32f3xx_hal_gpio.o [1]
  .text              ro code   0x800'15a8   0x13e  xprintftiny.o [2]
  .text              ro code   0x800'16e6    0x3a  zero_init3.o [4]
  .text              ro code   0x800'1720    0x36  strlen.o [4]
  .text              ro code   0x800'1758    0xce  main.o [1]
  .text              ro code   0x800'1828    0x24  stm32f3xx_hal.o [1]
  .text              ro code   0x800'184c    0xa8  debug_usart2.o [1]
  .text              ro code   0x800'18f4    0x28  printf.o [2]
  .text              ro code   0x800'191c    0x28  stm32f3xx_hal.o [1]
  .text              ro code   0x800'1944     0x2  stm32f3xx_hal_msp.o [1]
  .text              ro code   0x800'1948    0x84  system_stm32f3xx.o [1]
  .text              ro code   0x800'19cc    0x38  packbits_init_single.o [4]
  .rodata            const     0x800'1a04    0x30  main.o [1]
  .rodata            const     0x800'1a34    0x2c  main.o [1]
  .rodata            const     0x800'1a60    0x28  main.o [1]
  .rodata            const     0x800'1a88    0x28  main.o [1]
  .rodata            const     0x800'1ab0    0x28  main.o [1]
  .text              ro code   0x800'1ad8    0x28  data_init.o [4]
  .rodata            const     0x800'1b00    0x24  main.o [1]
  .text              ro code   0x800'1b24    0x22  fpinit_M.o [3]
  .iar.init_table    const     0x800'1b48    0x20  - Linker created -
  .rodata            const     0x800'1b68    0x20  main.o [1]
  .text              ro code   0x800'1b88    0x1e  cmain.o [4]
  .text              ro code   0x800'1ba6     0x4  low_level_init.o [2]
  .text              ro code   0x800'1baa     0x4  exit.o [2]
  .text              ro code   0x800'1bb0     0xa  cexit.o [4]
  .text              ro code   0x800'1bbc    0x14  exit.o [5]
  .text              ro code   0x800'1bd0    0x18  stm32f3xx_hal.o [1]
  .text              ro code   0x800'1be8    0x18  stm32f3xx_it.o [1]
  .text              ro code   0x800'1c00    0x16  xprout.o [2]
  .text              ro code   0x800'1c18     0xc  putchar.o [2]
  .rodata            const     0x800'1c24    0x10  stm32f3xx_hal_rcc.o [1]
  .rodata            const     0x800'1c34    0x10  stm32f3xx_hal_rcc.o [1]
  .rodata            const     0x800'1c44    0x10  system_stm32f3xx.o [1]
  .text              ro code   0x800'1c54    0x10  startup_stm32f301x8.o [1]
  .text              ro code   0x800'1c64     0xc  cstartup_M.o [4]
  .rodata            const     0x800'1c70     0x8  system_stm32f3xx.o [1]
  .text              ro code   0x800'1c78     0x4  startup_stm32f301x8.o [1]
  .text              ro code   0x800'1c7c     0x4  startup_stm32f301x8.o [1]
  .text              ro code   0x800'1c80     0x4  startup_stm32f301x8.o [1]
  .text              ro code   0x800'1c84     0x4  startup_stm32f301x8.o [1]
  .text              ro code   0x800'1c88     0x4  startup_stm32f301x8.o [1]
  .text              ro code   0x800'1c8c     0x4  startup_stm32f301x8.o [1]
  .text              ro code   0x800'1c90     0x4  startup_stm32f301x8.o [1]
  .text              ro code   0x800'1c94     0x4  startup_stm32f301x8.o [1]
  .text              ro code   0x800'1c98     0x4  startup_stm32f301x8.o [1]
  .text              ro code   0x800'1c9c     0x4  startup_stm32f301x8.o [1]
  .text              ro code   0x800'1ca0     0x4  startup_stm32f301x8.o [1]
  .text              ro code   0x800'1ca4     0x4  startup_stm32f301x8.o [1]
  .text              ro code   0x800'1ca8     0x4  startup_stm32f301x8.o [1]
  .text              ro code   0x800'1cac     0x4  startup_stm32f301x8.o [1]
  .text              ro code   0x800'1cb0     0x4  startup_stm32f301x8.o [1]
  .text              ro code   0x800'1cb4     0x4  startup_stm32f301x8.o [1]
  .text              ro code   0x800'1cb8     0x4  startup_stm32f301x8.o [1]
  .text              ro code   0x800'1cbc     0x4  startup_stm32f301x8.o [1]
  .text              ro code   0x800'1cc0     0x4  startup_stm32f301x8.o [1]
  .text              ro code   0x800'1cc4     0x4  startup_stm32f301x8.o [1]
  .text              ro code   0x800'1cc8     0x4  startup_stm32f301x8.o [1]
  .text              ro code   0x800'1ccc     0x4  startup_stm32f301x8.o [1]
  .text              ro code   0x800'1cd0     0x4  startup_stm32f301x8.o [1]
  .text              ro code   0x800'1cd4     0x4  startup_stm32f301x8.o [1]
  .text              ro code   0x800'1cd8     0x4  startup_stm32f301x8.o [1]
  .text              ro code   0x800'1cdc     0x4  startup_stm32f301x8.o [1]
  .text              ro code   0x800'1ce0     0x4  startup_stm32f301x8.o [1]
  .text              ro code   0x800'1ce4     0x4  startup_stm32f301x8.o [1]
  .text              ro code   0x800'1ce8     0x4  startup_stm32f301x8.o [1]
  .text              ro code   0x800'1cec     0x4  startup_stm32f301x8.o [1]
  .text              ro code   0x800'1cf0     0x4  startup_stm32f301x8.o [1]
  .text              ro code   0x800'1cf4     0x4  startup_stm32f301x8.o [1]
  .text              ro code   0x800'1cf8     0x4  startup_stm32f301x8.o [1]
  .text              ro code   0x800'1cfc     0x4  startup_stm32f301x8.o [1]
  .text              ro code   0x800'1d00     0x4  startup_stm32f301x8.o [1]
  .text              ro code   0x800'1d04     0x4  startup_stm32f301x8.o [1]
  .text              ro code   0x800'1d08     0x4  startup_stm32f301x8.o [1]
  .text              ro code   0x800'1d0c     0x4  startup_stm32f301x8.o [1]
  .text              ro code   0x800'1d10     0x4  startup_stm32f301x8.o [1]
  .text              ro code   0x800'1d14     0x4  startup_stm32f301x8.o [1]
  .text              ro code   0x800'1d18     0x4  startup_stm32f301x8.o [1]
  .text              ro code   0x800'1d1c     0x4  startup_stm32f301x8.o [1]
  .rodata            const     0x800'1d20     0x0  zero_init3.o [4]
  .rodata            const     0x800'1d20     0x0  packbits_init_single.o [4]
  Initializer bytes  const     0x800'1d20    0x32  <for P2-1>
                             - 0x800'1d52  0x1bca

"P2", part 1 of 3:                           0x51
  P2-1                        0x2000'0000    0x51  <Init block>
    .data            inited   0x2000'0000     0x4  stm32f3xx_hal.o [1]
    .data            inited   0x2000'0004     0x4  system_stm32f3xx.o [1]
    .data            inited   0x2000'0008    0x48  xfiles.o [2]
    .data            inited   0x2000'0050     0x1  stm32f3xx_hal.o [1]
                            - 0x2000'0051    0x51

"P2", part 2 of 3:                           0xc4
  .bss               zero     0x2000'0054    0x70  debug_usart2.o [1]
  .bss               zero     0x2000'00c4    0x50  xfiles.o [2]
  .bss               zero     0x2000'0114     0x4  stm32f3xx_hal.o [1]
                            - 0x2000'0118    0xc4

"P2", part 3 of 3:                          0x400
  CSTACK                      0x2000'0118   0x400  <Block>
    CSTACK           uninit   0x2000'0118   0x400  <Block tail>
                            - 0x2000'0518   0x400

Unused ranges:

         From           To    Size
         ----           --    ----
   0x800'1d52   0x800'7fff  0x62ae
  0x2000'0051  0x2000'0053     0x3
  0x2000'0518  0x2000'3fff  0x3ae8


*******************************************************************************
*** INIT TABLE
***

          Address      Size
          -------      ----
Zero (__iar_zero_init3)
    1 destination range, total size 0xc4:
          0x2000'0054  0xc4

Copy/packbits (__iar_packbits_init_single3)
    1 source range, total size 0x32 (61% of destination):
           0x800'1d20  0x32
    1 destination range, total size 0x51:
          0x2000'0000  0x51



*******************************************************************************
*** MODULE SUMMARY
***

    Module                  ro code  ro data  rw data
    ------                  -------  -------  -------
command line/config:
    -------------------------------------------------
    Total:

G:\sola_desktop\git\Â¼ÒôÆ÷\project\IAR\Debug\Obj: [1]
    debug_usart2.o              168               112
    main.o                      206      280
    nand_flash.o                636
    startup_stm32f301x8.o       576
    stm32f3xx_hal.o             188        3        9
    stm32f3xx_hal_cortex.o      256
    stm32f3xx_hal_gpio.o        480
    stm32f3xx_hal_msp.o           2
    stm32f3xx_hal_rcc.o       2 440       32
    stm32f3xx_hal_uart.o      1 252
    stm32f3xx_it.o               24
    system_stm32f3xx.o          132       26        4
    -------------------------------------------------
    Total:                    6 360      341      125

dl7M_tlf.a: [2]
    exit.o                        4
    low_level_init.o              4
    printf.o                     40
    putchar.o                    12
    xfiles.o                              45      152
    xprintftiny.o               318
    xprout.o                     22
    -------------------------------------------------
    Total:                      400       45      152

m7M_tls.a: [3]
    fpinit_M.o                   34
    -------------------------------------------------
    Total:                       34

rt7M_tl.a: [4]
    cexit.o                      10
    cmain.o                      30
    cstartup_M.o                 12
    data_init.o                  40
    packbits_init_single.o       56
    strlen.o                     54
    zero_init3.o                 58
    -------------------------------------------------
    Total:                      260

shb_l.a: [5]
    exit.o                       20
    -------------------------------------------------
    Total:                       20

    Gaps                         12        2
    Linker created                        32    1 024
-----------------------------------------------------
    Grand Total:              7 086      420    1 301


*******************************************************************************
*** ENTRY LIST
***

Entry                       Address   Size  Type      Object
-----                       -------   ----  ----      ------
.iar.init_table$$Base    0x800'1b48          --   Gb  - Linker created -
.iar.init_table$$Limit   0x800'1b68          --   Gb  - Linker created -
?main                    0x800'1b89         Code  Gb  cmain.o [4]
AHBPrescTable            0x800'1c44   0x10  Data  Gb  system_stm32f3xx.o [1]
APBPrescTable            0x800'1c70    0x8  Data  Gb  system_stm32f3xx.o [1]
BusFault_Handler         0x800'1bef    0x2  Code  Gb  stm32f3xx_it.o [1]
CSTACK$$Base            0x2000'0118          --   Gb  - Linker created -
CSTACK$$Limit           0x2000'0518          --   Gb  - Linker created -
DebugMon_Handler         0x800'1bf5    0x2  Code  Gb  stm32f3xx_it.o [1]
HAL_Delay                0x800'191d   0x28  Code  Wk  stm32f3xx_hal.o [1]
HAL_GPIO_Init            0x800'13c9  0x1aa  Code  Gb  stm32f3xx_hal_gpio.o [1]
HAL_GPIO_WritePin        0x800'1573   0x12  Code  Gb  stm32f3xx_hal_gpio.o [1]
HAL_GetTick              0x800'0b11    0xc  Code  Wk  stm32f3xx_hal.o [1]
HAL_IncTick              0x800'1bd1   0x18  Code  Wk  stm32f3xx_hal.o [1]
HAL_Init                 0x800'1829   0x20  Code  Gb  stm32f3xx_hal.o [1]
HAL_InitTick             0x800'0b1d   0x4c  Code  Wk  stm32f3xx_hal.o [1]
HAL_MspInit              0x800'1945    0x2  Code  Gb  stm32f3xx_hal_msp.o [1]
HAL_NVIC_SetPriority     0x800'0c23   0x22  Code  Gb  stm32f3xx_hal_cortex.o [1]
HAL_NVIC_SetPriorityGrouping
                         0x800'0c1b    0x8  Code  Gb  stm32f3xx_hal_cortex.o [1]
HAL_RCC_ClockConfig      0x800'0849  0x1d6  Code  Gb  stm32f3xx_hal_rcc.o [1]
HAL_RCC_GetHCLKFreq      0x800'0a87    0x6  Code  Gb  stm32f3xx_hal_rcc.o [1]
HAL_RCC_GetPCLK1Freq     0x800'0a8d   0x20  Code  Gb  stm32f3xx_hal_rcc.o [1]
HAL_RCC_GetPCLK2Freq     0x800'0aad   0x20  Code  Gb  stm32f3xx_hal_rcc.o [1]
HAL_RCC_GetSysClockFreq
                         0x800'0a1f   0x68  Code  Gb  stm32f3xx_hal_rcc.o [1]
HAL_RCC_OscConfig        0x800'0189  0x6c0  Code  Gb  stm32f3xx_hal_rcc.o [1]
HAL_SYSTICK_Config       0x800'0c45    0x8  Code  Gb  stm32f3xx_hal_cortex.o [1]
HAL_UART_Init            0x800'0c69   0x7e  Code  Gb  stm32f3xx_hal_uart.o [1]
HAL_UART_Transmit        0x800'0ce7   0xcc  Code  Gb  stm32f3xx_hal_uart.o [1]
HardFault_Handler        0x800'1beb    0x2  Code  Gb  stm32f3xx_it.o [1]
MemManage_Handler        0x800'1bed    0x2  Code  Gb  stm32f3xx_it.o [1]
NMI_Handler              0x800'1be9    0x2  Code  Gb  stm32f3xx_it.o [1]
NVIC_EncodePriority      0x800'0bb1   0x3c  Code  Lc  stm32f3xx_hal_cortex.o [1]
NVIC_GetPriorityGrouping
                         0x800'0b83    0xa  Code  Lc  stm32f3xx_hal_cortex.o [1]
NVIC_SetPriority         0x800'0b8d   0x24  Code  Lc  stm32f3xx_hal_cortex.o [1]
NVIC_SetPriorityGrouping
                         0x800'0b69   0x1a  Code  Lc  stm32f3xx_hal_cortex.o [1]
PendSV_Handler           0x800'1bf7    0x2  Code  Gb  stm32f3xx_it.o [1]
Region$$Table$$Base      0x800'1b48          --   Gb  - Linker created -
Region$$Table$$Limit     0x800'1b68          --   Gb  - Linker created -
SVC_Handler              0x800'1bf3    0x2  Code  Gb  stm32f3xx_it.o [1]
SysTick_Config           0x800'0bed   0x2e  Code  Lc  stm32f3xx_hal_cortex.o [1]
SysTick_Handler          0x800'1bf9    0x8  Code  Gb  stm32f3xx_it.o [1]
SystemClock_Config       0x800'17e1   0x46  Code  Lc  main.o [1]
SystemCoreClock         0x2000'0004    0x4  Data  Gb  system_stm32f3xx.o [1]
SystemInit               0x800'1949   0x5a  Code  Gb  system_stm32f3xx.o [1]
UART_AdvFeatureConfig    0x800'0f95   0xda  Code  Gb  stm32f3xx_hal_uart.o [1]
UART_CheckIdleState      0x800'106f   0x6e  Code  Gb  stm32f3xx_hal_uart.o [1]
UART_SetConfig           0x800'0db3  0x1c2  Code  Gb  stm32f3xx_hal_uart.o [1]
UART_WaitOnFlagUntilTimeout
                         0x800'10dd   0x6e  Code  Gb  stm32f3xx_hal_uart.o [1]
UsageFault_Handler       0x800'1bf1    0x2  Code  Gb  stm32f3xx_it.o [1]
_PrintfTiny              0x800'15c1  0x126  Code  Gb  xprintftiny.o [2]
_Prout                   0x800'1c01   0x16  Code  Gb  xprout.o [2]
__cmain                  0x800'1b89         Code  Gb  cmain.o [4]
__exit                   0x800'1bbd   0x14  Code  Gb  exit.o [5]
__iar_Stdout            0x2000'0008   0x48  Data  Gb  xfiles.o [2]
__iar_data_init3         0x800'1ad9   0x28  Code  Gb  data_init.o [4]
__iar_init_vfp           0x800'1b25         Code  Gb  fpinit_M.o [3]
__iar_packbits_init_single3
                         0x800'19cd   0x38  Code  Gb  packbits_init_single.o [4]
__iar_program_start      0x800'1c65         Code  Gb  cstartup_M.o [4]
__iar_zero_init3         0x800'16e7   0x3a  Code  Gb  zero_init3.o [4]
__low_level_init         0x800'1ba7    0x4  Code  Gb  low_level_init.o [2]
__vector_table           0x800'0000         Data  Gb  startup_stm32f301x8.o [1]
_call_main               0x800'1b95         Code  Gb  cmain.o [4]
_exit                    0x800'1bb1         Code  Gb  cexit.o [4]
_main                    0x800'1ba3         Code  Gb  cmain.o [4]
aPLLMULFactorTable       0x800'1c24   0x10  Data  Gb  stm32f3xx_hal_rcc.o [1]
aPredivFactorTable       0x800'1c34   0x10  Data  Gb  stm32f3xx_hal_rcc.o [1]
debug_uart2             0x2000'0054   0x70  Data  Gb  debug_usart2.o [1]
debug_usart_init         0x800'184d   0x82  Code  Gb  debug_usart2.o [1]
exit                     0x800'1bab    0x4  Code  Gb  exit.o [2]
fputc                    0x800'18cf   0x14  Code  Gb  debug_usart2.o [1]
main                     0x800'1759   0x6c  Code  Gb  main.o [1]
nandflash_delay          0x800'1243    0xc  Code  Gb  nand_flash.o [1]
nandflash_init           0x800'114d   0xf6  Code  Gb  nand_flash.o [1]
nandflash_io_din         0x800'127b   0x1c  Code  Gb  nand_flash.o [1]
nandflash_io_dout        0x800'124f   0x2c  Code  Gb  nand_flash.o [1]
nandflash_read_byte      0x800'1297    0x6  Code  Gb  nand_flash.o [1]
nandflash_read_id        0x800'12ad  0x108  Code  Gb  nand_flash.o [1]
nandflash_reset          0x800'13b5    0xc  Code  Gb  nand_flash.o [1]
nandflash_write_byte     0x800'129d   0x10  Code  Gb  nand_flash.o [1]
obuf                    0x2000'00c4   0x50  Data  Lc  xfiles.o [2]
out                      0x800'15a9   0x18  Code  Lc  xprintftiny.o [2]
printf                   0x800'18f5   0x28  Code  Gb  printf.o [2]
putchar                  0x800'1c19    0xc  Code  Gb  putchar.o [2]
strlen                   0x800'1721         Code  Gb  strlen.o [4]
uwTick                  0x2000'0114    0x4  Data  Gb  stm32f3xx_hal.o [1]
uwTickFreq              0x2000'0050    0x1  Data  Gb  stm32f3xx_hal.o [1]
uwTickPrio              0x2000'0000    0x4  Data  Gb  stm32f3xx_hal.o [1]


[1] = G:\sola_desktop\git\Â¼ÒôÆ÷\project\IAR\Debug\Obj
[2] = dl7M_tlf.a
[3] = m7M_tls.a
[4] = rt7M_tl.a
[5] = shb_l.a

  7 086 bytes of readonly  code memory
    420 bytes of readonly  data memory
  1 301 bytes of readwrite data memory

Errors: none
Warnings: none
